14:43:02 **** Incremental Build of configuration Debug for project Matrix_vc ****
make pre-build main-build 
a9-linaro-pre-build-step
' '
'Building file: ../src/helloworld.c'
'Invoking: ARM v7 gcc compiler'
arm-none-eabi-gcc -Wall -O0 -g3 -c -fmessage-length=0 -MT"src/helloworld.o" -mcpu=cortex-a9 -mfpu=vfpv3 -mfloat-abi=hard -I../../Matrix_vc_bsp/ps7_cortexa9_0/include -MMD -MP -MF"src/helloworld.d" -MT"src/helloworld.o" -o "src/helloworld.o" "../src/helloworld.c"
In file included from ../src/Matrix.h:16:0,
                 from ../src/lcd8x8rgb.h:20,
                 from ../src/helloworld.c:8:
../src/font.h:1:11: error: redefinition of 'FontLookup'
 const u8  FontLookup [][5] =
           ^~~~~~~~~~
In file included from ../src/helloworld.c:7:0:
../src/font.h:1:11: note: previous definition of 'FontLookup' was here
 const u8  FontLookup [][5] =
           ^~~~~~~~~~
In file included from ../src/Matrix.h:19:0,
                 from ../src/lcd8x8rgb.h:20,
                 from ../src/helloworld.c:8:
../../Matrix_vc_bsp/ps7_cortexa9_0/include/xbasic_types.h:115:2: warning: #warning The xbasics_type.h file is deprecated and users should use xil_types.h and xil_assert. [-Wcpp]
 #warning  The xbasics_type.h file is deprecated and users should use xil_types.h and xil_assert.
  ^~~~~~~
../../Matrix_vc_bsp/ps7_cortexa9_0/include/xbasic_types.h:116:2: warning: #warning Please refer the Standalone BSP UG647 for further details [-Wcpp]
 #warning  Please refer the Standalone BSP UG647 for further details
  ^~~~~~~
In file included from ../../Matrix_vc_bsp/ps7_cortexa9_0/include/xspips.h:267:0,
                 from ../src/helloworld.c:6:
../src/lcd8x8rgb.h: In function 'InitMatrix':
../../Matrix_vc_bsp/ps7_cortexa9_0/include/xstatus.h:65:41: warning: 'return' with a value, in function returning void
 #define XST_FAILURE                     1L
                                         ^
../src/lcd8x8rgb.h:69:15: note: in expansion of macro 'XST_FAILURE'
        return XST_FAILURE;
               ^~~~~~~~~~~
In file included from ../src/helloworld.c:8:0:
../src/lcd8x8rgb.h:60:6: note: declared here
 void InitMatrix()
      ^~~~~~~~~~
In file included from ../../Matrix_vc_bsp/ps7_cortexa9_0/include/xspips.h:267:0,
                 from ../src/helloworld.c:6:
../../Matrix_vc_bsp/ps7_cortexa9_0/include/xstatus.h:65:41: warning: 'return' with a value, in function returning void
 #define XST_FAILURE                     1L
                                         ^
../src/lcd8x8rgb.h:75:15: note: in expansion of macro 'XST_FAILURE'
        return XST_FAILURE;
               ^~~~~~~~~~~
In file included from ../src/helloworld.c:8:0:
../src/lcd8x8rgb.h:60:6: note: declared here
 void InitMatrix()
      ^~~~~~~~~~
In file included from ../../Matrix_vc_bsp/ps7_cortexa9_0/include/xspips.h:267:0,
                 from ../src/helloworld.c:6:
../../Matrix_vc_bsp/ps7_cortexa9_0/include/xstatus.h:65:41: warning: 'return' with a value, in function returning void
 #define XST_FAILURE                     1L
                                         ^
../src/lcd8x8rgb.h:83:15: note: in expansion of macro 'XST_FAILURE'
        return XST_FAILURE;
               ^~~~~~~~~~~
In file included from ../src/helloworld.c:8:0:
../src/lcd8x8rgb.h:60:6: note: declared here
 void InitMatrix()
      ^~~~~~~~~~
In file included from ../src/helloworld.c:8:0:
../src/lcd8x8rgb.h: In function 'scrollCharRight':
../src/lcd8x8rgb.h:367:27: warning: array subscript has type 'char' [-Wchar-subscripts]
       b = FontLookup[c-32][k];
                           ^
../src/helloworld.c: In function 'main':
../src/helloworld.c:62:55: warning: "/*" within comment [-Wcomment]
       *  #define XSPIPS_MASTER_OPTION    0x00000001U  /**< Master mode option
                                                        
../src/helloworld.c:63:57: warning: "/*" within comment [-Wcomment]
   *  #define XSPIPS_CLK_ACTIVE_LOW_OPTION  0x00000002U  /**< Active Low Clock option
                                                          
../src/helloworld.c:64:53: warning: "/*" within comment [-Wcomment]
    #define XSPIPS_CLK_PHASE_1_OPTION   0x00000004U  /**< Clock Phase one option
                                                      
../src/helloworld.c:65:55: warning: "/*" within comment [-Wcomment]
    #define XSPIPS_DECODE_SSELECT_OPTION  0x00000008U  /**< Select 16 slaves Option
                                                        
../src/helloworld.c:66:54: warning: "/*" within comment [-Wcomment]
    #define XSPIPS_FORCE_SSELECT_OPTION   0x00000010U /**< Force Slave Select
                                                       
../src/helloworld.c:67:53: warning: "/*" within comment [-Wcomment]
    #define XSPIPS_MANUAL_START_OPTION   0x00000020U /**< Manual Start mode option
                                                      
make: *** [src/helloworld.o] Fout 1
14:43:50 **** Clean-only build of configuration Debug for project Matrix_vc ****
make clean 
rm -rf  ./src/helloworld.o ./src/platform.o  ./src/helloworld.d ./src/platform.d  Matrix_vc.elf.size  Matrix_vc.elf
' '
14:43:52 **** Auto Build of configuration Debug for project Matrix_vc ****
make pre-build main-build 
a9-linaro-pre-build-step
' '
'Building file: ../src/helloworld.c'
'Invoking: ARM v7 gcc compiler'
arm-none-eabi-gcc -Wall -O0 -g3 -c -fmessage-length=0 -MT"src/helloworld.o" -mcpu=cortex-a9 -mfpu=vfpv3 -mfloat-abi=hard -I../../Matrix_vc_bsp/ps7_cortexa9_0/include -MMD -MP -MF"src/helloworld.d" -MT"src/helloworld.o" -o "src/helloworld.o" "../src/helloworld.c"
In file included from ../src/Matrix.h:16:0,
                 from ../src/lcd8x8rgb.h:20,
                 from ../src/helloworld.c:8:
../src/font.h:1:11: error: redefinition of 'FontLookup'
 const u8  FontLookup [][5] =
           ^~~~~~~~~~
In file included from ../src/helloworld.c:7:0:
../src/font.h:1:11: note: previous definition of 'FontLookup' was here
 const u8  FontLookup [][5] =
           ^~~~~~~~~~
In file included from ../src/Matrix.h:19:0,
                 from ../src/lcd8x8rgb.h:20,
                 from ../src/helloworld.c:8:
../../Matrix_vc_bsp/ps7_cortexa9_0/include/xbasic_types.h:115:2: warning: #warning The xbasics_type.h file is deprecated and users should use xil_types.h and xil_assert. [-Wcpp]
 #warning  The xbasics_type.h file is deprecated and users should use xil_types.h and xil_assert.
  ^~~~~~~
../../Matrix_vc_bsp/ps7_cortexa9_0/include/xbasic_types.h:116:2: warning: #warning Please refer the Standalone BSP UG647 for further details [-Wcpp]
 #warning  Please refer the Standalone BSP UG647 for further details
  ^~~~~~~
In file included from ../../Matrix_vc_bsp/ps7_cortexa9_0/include/xspips.h:267:0,
                 from ../src/helloworld.c:6:
../src/lcd8x8rgb.h: In function 'InitMatrix':
../../Matrix_vc_bsp/ps7_cortexa9_0/include/xstatus.h:65:41: warning: 'return' with a value, in function returning void
 #define XST_FAILURE                     1L
                                         ^
../src/lcd8x8rgb.h:69:15: note: in expansion of macro 'XST_FAILURE'
        return XST_FAILURE;
               ^~~~~~~~~~~
In file included from ../src/helloworld.c:8:0:
../src/lcd8x8rgb.h:60:6: note: declared here
 void InitMatrix()
      ^~~~~~~~~~
In file included from ../../Matrix_vc_bsp/ps7_cortexa9_0/include/xspips.h:267:0,
                 from ../src/helloworld.c:6:
../../Matrix_vc_bsp/ps7_cortexa9_0/include/xstatus.h:65:41: warning: 'return' with a value, in function returning void
 #define XST_FAILURE                     1L
                                         ^
../src/lcd8x8rgb.h:75:15: note: in expansion of macro 'XST_FAILURE'
        return XST_FAILURE;
               ^~~~~~~~~~~
In file included from ../src/helloworld.c:8:0:
../src/lcd8x8rgb.h:60:6: note: declared here
 void InitMatrix()
      ^~~~~~~~~~
In file included from ../../Matrix_vc_bsp/ps7_cortexa9_0/include/xspips.h:267:0,
                 from ../src/helloworld.c:6:
../../Matrix_vc_bsp/ps7_cortexa9_0/include/xstatus.h:65:41: warning: 'return' with a value, in function returning void
 #define XST_FAILURE                     1L
                                         ^
../src/lcd8x8rgb.h:83:15: note: in expansion of macro 'XST_FAILURE'
        return XST_FAILURE;
               ^~~~~~~~~~~
In file included from ../src/helloworld.c:8:0:
../src/lcd8x8rgb.h:60:6: note: declared here
 void InitMatrix()
      ^~~~~~~~~~
In file included from ../src/helloworld.c:8:0:
../src/lcd8x8rgb.h: In function 'scrollCharRight':
../src/lcd8x8rgb.h:367:27: warning: array subscript has type 'char' [-Wchar-subscripts]
       b = FontLookup[c-32][k];
                           ^
../src/helloworld.c: In function 'main':
../src/helloworld.c:62:55: warning: "/*" within comment [-Wcomment]
       *  #define XSPIPS_MASTER_OPTION    0x00000001U  /**< Master mode option
                                                        
../src/helloworld.c:63:57: warning: "/*" within comment [-Wcomment]
   *  #define XSPIPS_CLK_ACTIVE_LOW_OPTION  0x00000002U  /**< Active Low Clock option
                                                          
../src/helloworld.c:64:53: warning: "/*" within comment [-Wcomment]
    #define XSPIPS_CLK_PHASE_1_OPTION   0x00000004U  /**< Clock Phase one option
                                                      
../src/helloworld.c:65:55: warning: "/*" within comment [-Wcomment]
    #define XSPIPS_DECODE_SSELECT_OPTION  0x00000008U  /**< Select 16 slaves Option
                                                        
../src/helloworld.c:66:54: warning: "/*" within comment [-Wcomment]
    #define XSPIPS_FORCE_SSELECT_OPTION   0x00000010U /**< Force Slave Select
                                                       
../src/helloworld.c:67:53: warning: "/*" within comment [-Wcomment]
    #define XSPIPS_MANUAL_START_OPTION   0x00000020U /**< Manual Start mode option
                                                      
make: *** [src/helloworld.o] Fout 1
14:44:33 **** Auto Build of configuration Debug for project Matrix_vc ****
make pre-build main-build 
a9-linaro-pre-build-step
' '
'Building file: ../src/helloworld.c'
'Invoking: ARM v7 gcc compiler'
arm-none-eabi-gcc -Wall -O0 -g3 -c -fmessage-length=0 -MT"src/helloworld.o" -mcpu=cortex-a9 -mfpu=vfpv3 -mfloat-abi=hard -I../../Matrix_vc_bsp/ps7_cortexa9_0/include -MMD -MP -MF"src/helloworld.d" -MT"src/helloworld.o" -o "src/helloworld.o" "../src/helloworld.c"
In file included from ../src/Matrix.h:19:0,
                 from ../src/lcd8x8rgb.h:20,
                 from ../src/helloworld.c:8:
../../Matrix_vc_bsp/ps7_cortexa9_0/include/xbasic_types.h:115:2: warning: #warning The xbasics_type.h file is deprecated and users should use xil_types.h and xil_assert. [-Wcpp]
 #warning  The xbasics_type.h file is deprecated and users should use xil_types.h and xil_assert.
  ^~~~~~~
../../Matrix_vc_bsp/ps7_cortexa9_0/include/xbasic_types.h:116:2: warning: #warning Please refer the Standalone BSP UG647 for further details [-Wcpp]
 #warning  Please refer the Standalone BSP UG647 for further details
  ^~~~~~~
In file included from ../../Matrix_vc_bsp/ps7_cortexa9_0/include/xspips.h:267:0,
                 from ../src/helloworld.c:6:
../src/lcd8x8rgb.h: In function 'InitMatrix':
../../Matrix_vc_bsp/ps7_cortexa9_0/include/xstatus.h:65:41: warning: 'return' with a value, in function returning void
 #define XST_FAILURE                     1L
                                         ^
../src/lcd8x8rgb.h:69:15: note: in expansion of macro 'XST_FAILURE'
        return XST_FAILURE;
               ^~~~~~~~~~~
In file included from ../src/helloworld.c:8:0:
../src/lcd8x8rgb.h:60:6: note: declared here
 void InitMatrix()
      ^~~~~~~~~~
In file included from ../../Matrix_vc_bsp/ps7_cortexa9_0/include/xspips.h:267:0,
                 from ../src/helloworld.c:6:
../../Matrix_vc_bsp/ps7_cortexa9_0/include/xstatus.h:65:41: warning: 'return' with a value, in function returning void
 #define XST_FAILURE                     1L
                                         ^
../src/lcd8x8rgb.h:75:15: note: in expansion of macro 'XST_FAILURE'
        return XST_FAILURE;
               ^~~~~~~~~~~
In file included from ../src/helloworld.c:8:0:
../src/lcd8x8rgb.h:60:6: note: declared here
 void InitMatrix()
      ^~~~~~~~~~
In file included from ../../Matrix_vc_bsp/ps7_cortexa9_0/include/xspips.h:267:0,
                 from ../src/helloworld.c:6:
../../Matrix_vc_bsp/ps7_cortexa9_0/include/xstatus.h:65:41: warning: 'return' with a value, in function returning void
 #define XST_FAILURE                     1L
                                         ^
../src/lcd8x8rgb.h:83:15: note: in expansion of macro 'XST_FAILURE'
        return XST_FAILURE;
               ^~~~~~~~~~~
In file included from ../src/helloworld.c:8:0:
../src/lcd8x8rgb.h:60:6: note: declared here
 void InitMatrix()
      ^~~~~~~~~~
In file included from ../src/helloworld.c:8:0:
../src/lcd8x8rgb.h: In function 'scrollCharRight':
../src/lcd8x8rgb.h:367:27: warning: array subscript has type 'char' [-Wchar-subscripts]
       b = FontLookup[c-32][k];
                           ^
../src/helloworld.c: In function 'main':
../src/helloworld.c:62:55: warning: "/*" within comment [-Wcomment]
       *  #define XSPIPS_MASTER_OPTION    0x00000001U  /**< Master mode option
                                                        
../src/helloworld.c:63:57: warning: "/*" within comment [-Wcomment]
   *  #define XSPIPS_CLK_ACTIVE_LOW_OPTION  0x00000002U  /**< Active Low Clock option
                                                          
../src/helloworld.c:64:53: warning: "/*" within comment [-Wcomment]
    #define XSPIPS_CLK_PHASE_1_OPTION   0x00000004U  /**< Clock Phase one option
                                                      
../src/helloworld.c:65:55: warning: "/*" within comment [-Wcomment]
    #define XSPIPS_DECODE_SSELECT_OPTION  0x00000008U  /**< Select 16 slaves Option
                                                        
../src/helloworld.c:66:54: warning: "/*" within comment [-Wcomment]
    #define XSPIPS_FORCE_SSELECT_OPTION   0x00000010U /**< Force Slave Select
                                                       
../src/helloworld.c:67:53: warning: "/*" within comment [-Wcomment]
    #define XSPIPS_MANUAL_START_OPTION   0x00000020U /**< Manual Start mode option
                                                      
'Finished building: ../src/helloworld.c'
' '
'Building file: ../src/platform.c'
'Invoking: ARM v7 gcc compiler'
arm-none-eabi-gcc -Wall -O0 -g3 -c -fmessage-length=0 -MT"src/platform.o" -mcpu=cortex-a9 -mfpu=vfpv3 -mfloat-abi=hard -I../../Matrix_vc_bsp/ps7_cortexa9_0/include -MMD -MP -MF"src/platform.d" -MT"src/platform.o" -o "src/platform.o" "../src/platform.c"
'Finished building: ../src/platform.c'
' '
'Building target: Matrix_vc.elf'
'Invoking: ARM v7 gcc linker'
arm-none-eabi-gcc -mcpu=cortex-a9 -mfpu=vfpv3 -mfloat-abi=hard -Wl,-build-id=none -specs=Xilinx.spec -Wl,-T -Wl,../src/lscript.ld -L../../Matrix_vc_bsp/ps7_cortexa9_0/lib -o "Matrix_vc.elf"  ./src/helloworld.o ./src/platform.o   -Wl,--start-group,-lxil,-lgcc,-lc,--end-group
'Finished building target: Matrix_vc.elf'
' '
'Invoking: ARM v7 Print Size'
arm-none-eabi-size Matrix_vc.elf  |tee "Matrix_vc.elf.size"
   text	   data	    bss	    dec	    hex	filename
  29996	   1160	  22664	  53820	   d23c	Matrix_vc.elf
'Finished building: Matrix_vc.elf.size'
' '
14:44:43 **** Incremental Build of configuration Debug for project Matrix_vc ****
make pre-build main-build 
a9-linaro-pre-build-step
' '
make: Er is niets te doen voor 'main-build'.
14:45:29 **** Incremental Build of configuration Debug for project Matrix_vc ****
make pre-build main-build 
a9-linaro-pre-build-step
' '
make: Er is niets te doen voor 'main-build'.
14:56:00 **** Auto Build of configuration Debug for project Matrix_vc ****
make pre-build main-build 
a9-linaro-pre-build-step
' '
'Building file: ../src/helloworld.c'
'Invoking: ARM v7 gcc compiler'
arm-none-eabi-gcc -Wall -O0 -g3 -c -fmessage-length=0 -MT"src/helloworld.o" -mcpu=cortex-a9 -mfpu=vfpv3 -mfloat-abi=hard -I../../Matrix_vc_bsp/ps7_cortexa9_0/include -MMD -MP -MF"src/helloworld.d" -MT"src/helloworld.o" -o "src/helloworld.o" "../src/helloworld.c"
In file included from ../src/Matrix.h:19:0,
                 from ../src/lcd8x8rgb.h:20,
                 from ../src/helloworld.c:8:
../../Matrix_vc_bsp/ps7_cortexa9_0/include/xbasic_types.h:115:2: warning: #warning The xbasics_type.h file is deprecated and users should use xil_types.h and xil_assert. [-Wcpp]
 #warning  The xbasics_type.h file is deprecated and users should use xil_types.h and xil_assert.
  ^~~~~~~
../../Matrix_vc_bsp/ps7_cortexa9_0/include/xbasic_types.h:116:2: warning: #warning Please refer the Standalone BSP UG647 for further details [-Wcpp]
 #warning  Please refer the Standalone BSP UG647 for further details
  ^~~~~~~
In file included from ../../Matrix_vc_bsp/ps7_cortexa9_0/include/xspips.h:267:0,
                 from ../src/helloworld.c:6:
../src/lcd8x8rgb.h: In function 'InitMatrix':
../../Matrix_vc_bsp/ps7_cortexa9_0/include/xstatus.h:65:41: warning: 'return' with a value, in function returning void
 #define XST_FAILURE                     1L
                                         ^
../src/lcd8x8rgb.h:69:15: note: in expansion of macro 'XST_FAILURE'
        return XST_FAILURE;
               ^~~~~~~~~~~
In file included from ../src/helloworld.c:8:0:
../src/lcd8x8rgb.h:60:6: note: declared here
 void InitMatrix()
      ^~~~~~~~~~
In file included from ../../Matrix_vc_bsp/ps7_cortexa9_0/include/xspips.h:267:0,
                 from ../src/helloworld.c:6:
../../Matrix_vc_bsp/ps7_cortexa9_0/include/xstatus.h:65:41: warning: 'return' with a value, in function returning void
 #define XST_FAILURE                     1L
                                         ^
../src/lcd8x8rgb.h:75:15: note: in expansion of macro 'XST_FAILURE'
        return XST_FAILURE;
               ^~~~~~~~~~~
In file included from ../src/helloworld.c:8:0:
../src/lcd8x8rgb.h:60:6: note: declared here
 void InitMatrix()
      ^~~~~~~~~~
In file included from ../../Matrix_vc_bsp/ps7_cortexa9_0/include/xspips.h:267:0,
                 from ../src/helloworld.c:6:
../../Matrix_vc_bsp/ps7_cortexa9_0/include/xstatus.h:65:41: warning: 'return' with a value, in function returning void
 #define XST_FAILURE                     1L
                                         ^
../src/lcd8x8rgb.h:83:15: note: in expansion of macro 'XST_FAILURE'
        return XST_FAILURE;
               ^~~~~~~~~~~
In file included from ../src/helloworld.c:8:0:
../src/lcd8x8rgb.h:60:6: note: declared here
 void InitMatrix()
      ^~~~~~~~~~
In file included from ../src/helloworld.c:8:0:
../src/lcd8x8rgb.h: In function 'scrollCharRight':
../src/lcd8x8rgb.h:367:27: warning: array subscript has type 'char' [-Wchar-subscripts]
       b = FontLookup[c-32][k];
                           ^
../src/helloworld.c: In function 'main':
../src/helloworld.c:64:55: warning: "/*" within comment [-Wcomment]
       *  #define XSPIPS_MASTER_OPTION    0x00000001U  /**< Master mode option
                                                        
../src/helloworld.c:65:57: warning: "/*" within comment [-Wcomment]
   *  #define XSPIPS_CLK_ACTIVE_LOW_OPTION  0x00000002U  /**< Active Low Clock option
                                                          
../src/helloworld.c:66:53: warning: "/*" within comment [-Wcomment]
    #define XSPIPS_CLK_PHASE_1_OPTION   0x00000004U  /**< Clock Phase one option
                                                      
../src/helloworld.c:67:55: warning: "/*" within comment [-Wcomment]
    #define XSPIPS_DECODE_SSELECT_OPTION  0x00000008U  /**< Select 16 slaves Option
                                                        
../src/helloworld.c:68:54: warning: "/*" within comment [-Wcomment]
    #define XSPIPS_FORCE_SSELECT_OPTION   0x00000010U /**< Force Slave Select
                                                       
../src/helloworld.c:69:53: warning: "/*" within comment [-Wcomment]
    #define XSPIPS_MANUAL_START_OPTION   0x00000020U /**< Manual Start mode option
                                                      
'Finished building: ../src/helloworld.c'
' '
'Building target: Matrix_vc.elf'
'Invoking: ARM v7 gcc linker'
arm-none-eabi-gcc -mcpu=cortex-a9 -mfpu=vfpv3 -mfloat-abi=hard -Wl,-build-id=none -specs=Xilinx.spec -Wl,-T -Wl,../src/lscript.ld -L../../Matrix_vc_bsp/ps7_cortexa9_0/lib -o "Matrix_vc.elf"  ./src/helloworld.o ./src/platform.o   -Wl,--start-group,-lxil,-lgcc,-lc,--end-group
'Finished building target: Matrix_vc.elf'
' '
'Invoking: ARM v7 Print Size'
arm-none-eabi-size Matrix_vc.elf  |tee "Matrix_vc.elf.size"
   text	   data	    bss	    dec	    hex	filename
  29996	   1160	  22664	  53820	   d23c	Matrix_vc.elf
'Finished building: Matrix_vc.elf.size'
' '
15:16:57 **** Incremental Build of configuration Debug for project Matrix_vc ****
make pre-build main-build 
a9-linaro-pre-build-step
' '
make: Er is niets te doen voor 'main-build'.
