14:21:14 **** Incremental Build of configuration Debug for project test2 ****
make pre-build main-build 
a9-linaro-pre-build-step
' '
make: Er is niets te doen voor 'main-build'.
14:21:26 **** Auto Build of configuration Debug for project test ****
make pre-build main-build 
a9-linaro-pre-build-step
' '
'Building file: ../src/helloworld.c'
'Invoking: ARM v7 gcc compiler'
arm-none-eabi-gcc -Wall -O0 -g3 -c -fmessage-length=0 -MT"src/helloworld.o" -mcpu=cortex-a9 -mfpu=vfpv3 -mfloat-abi=hard -I../../test_bsp/ps7_cortexa9_0/include -MMD -MP -MF"src/helloworld.d" -MT"src/helloworld.o" -o "src/helloworld.o" "../src/helloworld.c"
In file included from ../src/Matrix.h:19:0,
                 from ../src/lcd8x8rgb.h:20,
                 from ../src/helloworld.c:8:
../../test_bsp/ps7_cortexa9_0/include/xbasic_types.h:115:2: warning: #warning The xbasics_type.h file is deprecated and users should use xil_types.h and xil_assert. [-Wcpp]
 #warning  The xbasics_type.h file is deprecated and users should use xil_types.h and xil_assert.
  ^~~~~~~
../../test_bsp/ps7_cortexa9_0/include/xbasic_types.h:116:2: warning: #warning Please refer the Standalone BSP UG647 for further details [-Wcpp]
 #warning  Please refer the Standalone BSP UG647 for further details
  ^~~~~~~
In file included from ../../test_bsp/ps7_cortexa9_0/include/xspips.h:267:0,
                 from ../src/helloworld.c:6:
../src/lcd8x8rgb.h: In function 'InitMatrix':
../../test_bsp/ps7_cortexa9_0/include/xstatus.h:65:41: warning: 'return' with a value, in function returning void
 #define XST_FAILURE                     1L
                                         ^
../src/lcd8x8rgb.h:69:15: note: in expansion of macro 'XST_FAILURE'
        return XST_FAILURE;
               ^~~~~~~~~~~
In file included from ../src/helloworld.c:8:0:
../src/lcd8x8rgb.h:60:6: note: declared here
 void InitMatrix()
      ^~~~~~~~~~
In file included from ../../test_bsp/ps7_cortexa9_0/include/xspips.h:267:0,
                 from ../src/helloworld.c:6:
../../test_bsp/ps7_cortexa9_0/include/xstatus.h:65:41: warning: 'return' with a value, in function returning void
 #define XST_FAILURE                     1L
                                         ^
../src/lcd8x8rgb.h:75:15: note: in expansion of macro 'XST_FAILURE'
        return XST_FAILURE;
               ^~~~~~~~~~~
In file included from ../src/helloworld.c:8:0:
../src/lcd8x8rgb.h:60:6: note: declared here
 void InitMatrix()
      ^~~~~~~~~~
In file included from ../../test_bsp/ps7_cortexa9_0/include/xspips.h:267:0,
                 from ../src/helloworld.c:6:
../../test_bsp/ps7_cortexa9_0/include/xstatus.h:65:41: warning: 'return' with a value, in function returning void
 #define XST_FAILURE                     1L
                                         ^
../src/lcd8x8rgb.h:83:15: note: in expansion of macro 'XST_FAILURE'
        return XST_FAILURE;
               ^~~~~~~~~~~
In file included from ../src/helloworld.c:8:0:
../src/lcd8x8rgb.h:60:6: note: declared here
 void InitMatrix()
      ^~~~~~~~~~
In file included from ../src/helloworld.c:8:0:
../src/lcd8x8rgb.h: In function 'scrollCharRight':
../src/lcd8x8rgb.h:367:27: warning: array subscript has type 'char' [-Wchar-subscripts]
       b = FontLookup[c-32][k];
                           ^
../src/helloworld.c: In function 'main':
../src/helloworld.c:71:55: warning: "/*" within comment [-Wcomment]
       *  #define XSPIPS_MASTER_OPTION    0x00000001U  /**< Master mode option
                                                        
../src/helloworld.c:72:57: warning: "/*" within comment [-Wcomment]
   *  #define XSPIPS_CLK_ACTIVE_LOW_OPTION  0x00000002U  /**< Active Low Clock option
                                                          
../src/helloworld.c:73:53: warning: "/*" within comment [-Wcomment]
    #define XSPIPS_CLK_PHASE_1_OPTION   0x00000004U  /**< Clock Phase one option
                                                      
../src/helloworld.c:74:55: warning: "/*" within comment [-Wcomment]
    #define XSPIPS_DECODE_SSELECT_OPTION  0x00000008U  /**< Select 16 slaves Option
                                                        
../src/helloworld.c:75:54: warning: "/*" within comment [-Wcomment]
    #define XSPIPS_FORCE_SSELECT_OPTION   0x00000010U /**< Force Slave Select
                                                       
../src/helloworld.c:76:53: warning: "/*" within comment [-Wcomment]
    #define XSPIPS_MANUAL_START_OPTION   0x00000020U /**< Manual Start mode option
                                                      
'Finished building: ../src/helloworld.c'
' '
'Building target: test.elf'
'Invoking: ARM v7 gcc linker'
arm-none-eabi-gcc -mcpu=cortex-a9 -mfpu=vfpv3 -mfloat-abi=hard -Wl,-build-id=none -specs=Xilinx.spec -Wl,-T -Wl,../src/lscript.ld -L../../test_bsp/ps7_cortexa9_0/lib -o "test.elf"  ./src/helloworld.o ./src/platform.o   -Wl,--start-group,-lxil,-lgcc,-lc,--end-group
'Finished building target: test.elf'
' '
'Invoking: ARM v7 Print Size'
arm-none-eabi-size test.elf  |tee "test.elf.size"
   text	   data	    bss	    dec	    hex	filename
  33156	   1168	  22696	  57020	   debc	test.elf
'Finished building: test.elf.size'
' '
14:21:50 **** Auto Build of configuration Debug for project test ****
make pre-build main-build 
a9-linaro-pre-build-step
' '
'Building file: ../src/helloworld.c'
'Invoking: ARM v7 gcc compiler'
arm-none-eabi-gcc -Wall -O0 -g3 -c -fmessage-length=0 -MT"src/helloworld.o" -mcpu=cortex-a9 -mfpu=vfpv3 -mfloat-abi=hard -I../../test_bsp/ps7_cortexa9_0/include -MMD -MP -MF"src/helloworld.d" -MT"src/helloworld.o" -o "src/helloworld.o" "../src/helloworld.c"
In file included from ../src/Matrix.h:19:0,
                 from ../src/lcd8x8rgb.h:20,
                 from ../src/helloworld.c:8:
../../test_bsp/ps7_cortexa9_0/include/xbasic_types.h:115:2: warning: #warning The xbasics_type.h file is deprecated and users should use xil_types.h and xil_assert. [-Wcpp]
 #warning  The xbasics_type.h file is deprecated and users should use xil_types.h and xil_assert.
  ^~~~~~~
../../test_bsp/ps7_cortexa9_0/include/xbasic_types.h:116:2: warning: #warning Please refer the Standalone BSP UG647 for further details [-Wcpp]
 #warning  Please refer the Standalone BSP UG647 for further details
  ^~~~~~~
In file included from ../../test_bsp/ps7_cortexa9_0/include/xspips.h:267:0,
                 from ../src/helloworld.c:6:
../src/lcd8x8rgb.h: In function 'InitMatrix':
../../test_bsp/ps7_cortexa9_0/include/xstatus.h:65:41: warning: 'return' with a value, in function returning void
 #define XST_FAILURE                     1L
                                         ^
../src/lcd8x8rgb.h:69:15: note: in expansion of macro 'XST_FAILURE'
        return XST_FAILURE;
               ^~~~~~~~~~~
In file included from ../src/helloworld.c:8:0:
../src/lcd8x8rgb.h:60:6: note: declared here
 void InitMatrix()
      ^~~~~~~~~~
In file included from ../../test_bsp/ps7_cortexa9_0/include/xspips.h:267:0,
                 from ../src/helloworld.c:6:
../../test_bsp/ps7_cortexa9_0/include/xstatus.h:65:41: warning: 'return' with a value, in function returning void
 #define XST_FAILURE                     1L
                                         ^
../src/lcd8x8rgb.h:75:15: note: in expansion of macro 'XST_FAILURE'
        return XST_FAILURE;
               ^~~~~~~~~~~
In file included from ../src/helloworld.c:8:0:
../src/lcd8x8rgb.h:60:6: note: declared here
 void InitMatrix()
      ^~~~~~~~~~
In file included from ../../test_bsp/ps7_cortexa9_0/include/xspips.h:267:0,
                 from ../src/helloworld.c:6:
../../test_bsp/ps7_cortexa9_0/include/xstatus.h:65:41: warning: 'return' with a value, in function returning void
 #define XST_FAILURE                     1L
                                         ^
../src/lcd8x8rgb.h:83:15: note: in expansion of macro 'XST_FAILURE'
        return XST_FAILURE;
               ^~~~~~~~~~~
In file included from ../src/helloworld.c:8:0:
../src/lcd8x8rgb.h:60:6: note: declared here
 void InitMatrix()
      ^~~~~~~~~~
In file included from ../src/helloworld.c:8:0:
../src/lcd8x8rgb.h: In function 'scrollCharRight':
../src/lcd8x8rgb.h:367:27: warning: array subscript has type 'char' [-Wchar-subscripts]
       b = FontLookup[c-32][k];
                           ^
../src/helloworld.c: In function 'main':
../src/helloworld.c:71:55: warning: "/*" within comment [-Wcomment]
       *  #define XSPIPS_MASTER_OPTION    0x00000001U  /**< Master mode option
                                                        
../src/helloworld.c:72:57: warning: "/*" within comment [-Wcomment]
   *  #define XSPIPS_CLK_ACTIVE_LOW_OPTION  0x00000002U  /**< Active Low Clock option
                                                          
../src/helloworld.c:73:53: warning: "/*" within comment [-Wcomment]
    #define XSPIPS_CLK_PHASE_1_OPTION   0x00000004U  /**< Clock Phase one option
                                                      
../src/helloworld.c:74:55: warning: "/*" within comment [-Wcomment]
    #define XSPIPS_DECODE_SSELECT_OPTION  0x00000008U  /**< Select 16 slaves Option
                                                        
../src/helloworld.c:75:54: warning: "/*" within comment [-Wcomment]
    #define XSPIPS_FORCE_SSELECT_OPTION   0x00000010U /**< Force Slave Select
                                                       
../src/helloworld.c:76:53: warning: "/*" within comment [-Wcomment]
    #define XSPIPS_MANUAL_START_OPTION   0x00000020U /**< Manual Start mode option
                                                      
'Finished building: ../src/helloworld.c'
' '
'Building target: test.elf'
'Invoking: ARM v7 gcc linker'
arm-none-eabi-gcc -mcpu=cortex-a9 -mfpu=vfpv3 -mfloat-abi=hard -Wl,-build-id=none -specs=Xilinx.spec -Wl,-T -Wl,../src/lscript.ld -L../../test_bsp/ps7_cortexa9_0/lib -o "test.elf"  ./src/helloworld.o ./src/platform.o   -Wl,--start-group,-lxil,-lgcc,-lc,--end-group
'Finished building target: test.elf'
' '
'Invoking: ARM v7 Print Size'
arm-none-eabi-size test.elf  |tee "test.elf.size"
   text	   data	    bss	    dec	    hex	filename
  33156	   1168	  22696	  57020	   debc	test.elf
'Finished building: test.elf.size'
' '
14:22:41 **** Auto Build of configuration Debug for project test ****
make pre-build main-build 
a9-linaro-pre-build-step
' '
'Building file: ../src/helloworld.c'
'Invoking: ARM v7 gcc compiler'
arm-none-eabi-gcc -Wall -O0 -g3 -c -fmessage-length=0 -MT"src/helloworld.o" -mcpu=cortex-a9 -mfpu=vfpv3 -mfloat-abi=hard -I../../test_bsp/ps7_cortexa9_0/include -MMD -MP -MF"src/helloworld.d" -MT"src/helloworld.o" -o "src/helloworld.o" "../src/helloworld.c"
In file included from ../src/Matrix.h:19:0,
                 from ../src/lcd8x8rgb.h:20,
                 from ../src/helloworld.c:8:
../../test_bsp/ps7_cortexa9_0/include/xbasic_types.h:115:2: warning: #warning The xbasics_type.h file is deprecated and users should use xil_types.h and xil_assert. [-Wcpp]
 #warning  The xbasics_type.h file is deprecated and users should use xil_types.h and xil_assert.
  ^~~~~~~
../../test_bsp/ps7_cortexa9_0/include/xbasic_types.h:116:2: warning: #warning Please refer the Standalone BSP UG647 for further details [-Wcpp]
 #warning  Please refer the Standalone BSP UG647 for further details
  ^~~~~~~
In file included from ../../test_bsp/ps7_cortexa9_0/include/xspips.h:267:0,
                 from ../src/helloworld.c:6:
../src/lcd8x8rgb.h: In function 'InitMatrix':
../../test_bsp/ps7_cortexa9_0/include/xstatus.h:65:41: warning: 'return' with a value, in function returning void
 #define XST_FAILURE                     1L
                                         ^
../src/lcd8x8rgb.h:69:15: note: in expansion of macro 'XST_FAILURE'
        return XST_FAILURE;
               ^~~~~~~~~~~
In file included from ../src/helloworld.c:8:0:
../src/lcd8x8rgb.h:60:6: note: declared here
 void InitMatrix()
      ^~~~~~~~~~
In file included from ../../test_bsp/ps7_cortexa9_0/include/xspips.h:267:0,
                 from ../src/helloworld.c:6:
../../test_bsp/ps7_cortexa9_0/include/xstatus.h:65:41: warning: 'return' with a value, in function returning void
 #define XST_FAILURE                     1L
                                         ^
../src/lcd8x8rgb.h:75:15: note: in expansion of macro 'XST_FAILURE'
        return XST_FAILURE;
               ^~~~~~~~~~~
In file included from ../src/helloworld.c:8:0:
../src/lcd8x8rgb.h:60:6: note: declared here
 void InitMatrix()
      ^~~~~~~~~~
In file included from ../../test_bsp/ps7_cortexa9_0/include/xspips.h:267:0,
                 from ../src/helloworld.c:6:
../../test_bsp/ps7_cortexa9_0/include/xstatus.h:65:41: warning: 'return' with a value, in function returning void
 #define XST_FAILURE                     1L
                                         ^
../src/lcd8x8rgb.h:83:15: note: in expansion of macro 'XST_FAILURE'
        return XST_FAILURE;
               ^~~~~~~~~~~
In file included from ../src/helloworld.c:8:0:
../src/lcd8x8rgb.h:60:6: note: declared here
 void InitMatrix()
      ^~~~~~~~~~
In file included from ../src/helloworld.c:8:0:
../src/lcd8x8rgb.h: In function 'scrollCharRight':
../src/lcd8x8rgb.h:367:27: warning: array subscript has type 'char' [-Wchar-subscripts]
       b = FontLookup[c-32][k];
                           ^
../src/helloworld.c: At top level:
../src/helloworld.c:10:10: error: expected '=', ',', ';', 'asm' or '__attribute__' before '.' token
 xil_types.h
          ^
../src/helloworld.c: In function 'main':
../src/helloworld.c:72:55: warning: "/*" within comment [-Wcomment]
       *  #define XSPIPS_MASTER_OPTION    0x00000001U  /**< Master mode option
                                                        
../src/helloworld.c:73:57: warning: "/*" within comment [-Wcomment]
   *  #define XSPIPS_CLK_ACTIVE_LOW_OPTION  0x00000002U  /**< Active Low Clock option
                                                          
../src/helloworld.c:74:53: warning: "/*" within comment [-Wcomment]
    #define XSPIPS_CLK_PHASE_1_OPTION   0x00000004U  /**< Clock Phase one option
                                                      
../src/helloworld.c:75:55: warning: "/*" within comment [-Wcomment]
    #define XSPIPS_DECODE_SSELECT_OPTION  0x00000008U  /**< Select 16 slaves Option
                                                        
../src/helloworld.c:76:54: warning: "/*" within comment [-Wcomment]
    #define XSPIPS_FORCE_SSELECT_OPTION   0x00000010U /**< Force Slave Select
                                                       
../src/helloworld.c:77:53: warning: "/*" within comment [-Wcomment]
    #define XSPIPS_MANUAL_START_OPTION   0x00000020U /**< Manual Start mode option
                                                      
make: *** [src/helloworld.o] Fout 1
14:22:48 **** Auto Build of configuration Debug for project test ****
make pre-build main-build 
a9-linaro-pre-build-step
' '
'Building file: ../src/helloworld.c'
'Invoking: ARM v7 gcc compiler'
arm-none-eabi-gcc -Wall -O0 -g3 -c -fmessage-length=0 -MT"src/helloworld.o" -mcpu=cortex-a9 -mfpu=vfpv3 -mfloat-abi=hard -I../../test_bsp/ps7_cortexa9_0/include -MMD -MP -MF"src/helloworld.d" -MT"src/helloworld.o" -o "src/helloworld.o" "../src/helloworld.c"
In file included from ../src/Matrix.h:19:0,
                 from ../src/lcd8x8rgb.h:20,
                 from ../src/helloworld.c:8:
../../test_bsp/ps7_cortexa9_0/include/xbasic_types.h:115:2: warning: #warning The xbasics_type.h file is deprecated and users should use xil_types.h and xil_assert. [-Wcpp]
 #warning  The xbasics_type.h file is deprecated and users should use xil_types.h and xil_assert.
  ^~~~~~~
../../test_bsp/ps7_cortexa9_0/include/xbasic_types.h:116:2: warning: #warning Please refer the Standalone BSP UG647 for further details [-Wcpp]
 #warning  Please refer the Standalone BSP UG647 for further details
  ^~~~~~~
In file included from ../../test_bsp/ps7_cortexa9_0/include/xspips.h:267:0,
                 from ../src/helloworld.c:6:
../src/lcd8x8rgb.h: In function 'InitMatrix':
../../test_bsp/ps7_cortexa9_0/include/xstatus.h:65:41: warning: 'return' with a value, in function returning void
 #define XST_FAILURE                     1L
                                         ^
../src/lcd8x8rgb.h:69:15: note: in expansion of macro 'XST_FAILURE'
        return XST_FAILURE;
               ^~~~~~~~~~~
In file included from ../src/helloworld.c:8:0:
../src/lcd8x8rgb.h:60:6: note: declared here
 void InitMatrix()
      ^~~~~~~~~~
In file included from ../../test_bsp/ps7_cortexa9_0/include/xspips.h:267:0,
                 from ../src/helloworld.c:6:
../../test_bsp/ps7_cortexa9_0/include/xstatus.h:65:41: warning: 'return' with a value, in function returning void
 #define XST_FAILURE                     1L
                                         ^
../src/lcd8x8rgb.h:75:15: note: in expansion of macro 'XST_FAILURE'
        return XST_FAILURE;
               ^~~~~~~~~~~
In file included from ../src/helloworld.c:8:0:
../src/lcd8x8rgb.h:60:6: note: declared here
 void InitMatrix()
      ^~~~~~~~~~
In file included from ../../test_bsp/ps7_cortexa9_0/include/xspips.h:267:0,
                 from ../src/helloworld.c:6:
../../test_bsp/ps7_cortexa9_0/include/xstatus.h:65:41: warning: 'return' with a value, in function returning void
 #define XST_FAILURE                     1L
                                         ^
../src/lcd8x8rgb.h:83:15: note: in expansion of macro 'XST_FAILURE'
        return XST_FAILURE;
               ^~~~~~~~~~~
In file included from ../src/helloworld.c:8:0:
../src/lcd8x8rgb.h:60:6: note: declared here
 void InitMatrix()
      ^~~~~~~~~~
In file included from ../src/helloworld.c:8:0:
../src/lcd8x8rgb.h: In function 'scrollCharRight':
../src/lcd8x8rgb.h:367:27: warning: array subscript has type 'char' [-Wchar-subscripts]
       b = FontLookup[c-32][k];
                           ^
../src/helloworld.c: In function 'main':
../src/helloworld.c:72:55: warning: "/*" within comment [-Wcomment]
       *  #define XSPIPS_MASTER_OPTION    0x00000001U  /**< Master mode option
                                                        
../src/helloworld.c:73:57: warning: "/*" within comment [-Wcomment]
   *  #define XSPIPS_CLK_ACTIVE_LOW_OPTION  0x00000002U  /**< Active Low Clock option
                                                          
../src/helloworld.c:74:53: warning: "/*" within comment [-Wcomment]
    #define XSPIPS_CLK_PHASE_1_OPTION   0x00000004U  /**< Clock Phase one option
                                                      
../src/helloworld.c:75:55: warning: "/*" within comment [-Wcomment]
    #define XSPIPS_DECODE_SSELECT_OPTION  0x00000008U  /**< Select 16 slaves Option
                                                        
../src/helloworld.c:76:54: warning: "/*" within comment [-Wcomment]
    #define XSPIPS_FORCE_SSELECT_OPTION   0x00000010U /**< Force Slave Select
                                                       
../src/helloworld.c:77:53: warning: "/*" within comment [-Wcomment]
    #define XSPIPS_MANUAL_START_OPTION   0x00000020U /**< Manual Start mode option
                                                      
'Finished building: ../src/helloworld.c'
' '
'Building target: test.elf'
'Invoking: ARM v7 gcc linker'
arm-none-eabi-gcc -mcpu=cortex-a9 -mfpu=vfpv3 -mfloat-abi=hard -Wl,-build-id=none -specs=Xilinx.spec -Wl,-T -Wl,../src/lscript.ld -L../../test_bsp/ps7_cortexa9_0/lib -o "test.elf"  ./src/helloworld.o ./src/platform.o   -Wl,--start-group,-lxil,-lgcc,-lc,--end-group
'Finished building target: test.elf'
' '
'Invoking: ARM v7 Print Size'
arm-none-eabi-size test.elf  |tee "test.elf.size"
   text	   data	    bss	    dec	    hex	filename
  33156	   1168	  22696	  57020	   debc	test.elf
'Finished building: test.elf.size'
' '
14:23:22 **** Auto Build of configuration Debug for project test ****
make pre-build main-build 
a9-linaro-pre-build-step
' '
'Building file: ../src/helloworld.c'
'Invoking: ARM v7 gcc compiler'
arm-none-eabi-gcc -Wall -O0 -g3 -c -fmessage-length=0 -MT"src/helloworld.o" -mcpu=cortex-a9 -mfpu=vfpv3 -mfloat-abi=hard -I../../test_bsp/ps7_cortexa9_0/include -MMD -MP -MF"src/helloworld.d" -MT"src/helloworld.o" -o "src/helloworld.o" "../src/helloworld.c"
../src/helloworld.c: In function 'main':
../src/helloworld.c:72:55: warning: "/*" within comment [-Wcomment]
       *  #define XSPIPS_MASTER_OPTION    0x00000001U  /**< Master mode option
                                                        
../src/helloworld.c:73:57: warning: "/*" within comment [-Wcomment]
   *  #define XSPIPS_CLK_ACTIVE_LOW_OPTION  0x00000002U  /**< Active Low Clock option
                                                          
../src/helloworld.c:74:53: warning: "/*" within comment [-Wcomment]
    #define XSPIPS_CLK_PHASE_1_OPTION   0x00000004U  /**< Clock Phase one option
                                                      
../src/helloworld.c:75:55: warning: "/*" within comment [-Wcomment]
    #define XSPIPS_DECODE_SSELECT_OPTION  0x00000008U  /**< Select 16 slaves Option
                                                        
../src/helloworld.c:76:54: warning: "/*" within comment [-Wcomment]
    #define XSPIPS_FORCE_SSELECT_OPTION   0x00000010U /**< Force Slave Select
                                                       
../src/helloworld.c:77:53: warning: "/*" within comment [-Wcomment]
    #define XSPIPS_MANUAL_START_OPTION   0x00000020U /**< Manual Start mode option
                                                      
'Finished building: ../src/helloworld.c'
' '
'Building target: test.elf'
'Invoking: ARM v7 gcc linker'
arm-none-eabi-gcc -mcpu=cortex-a9 -mfpu=vfpv3 -mfloat-abi=hard -Wl,-build-id=none -specs=Xilinx.spec -Wl,-T -Wl,../src/lscript.ld -L../../test_bsp/ps7_cortexa9_0/lib -o "test.elf"  ./src/helloworld.o ./src/platform.o   -Wl,--start-group,-lxil,-lgcc,-lc,--end-group
'Finished building target: test.elf'
' '
'Invoking: ARM v7 Print Size'
arm-none-eabi-size test.elf  |tee "test.elf.size"
   text	   data	    bss	    dec	    hex	filename
  27032	   1160	  22648	  50840	   c698	test.elf
'Finished building: test.elf.size'
' '
14:23:51 **** Incremental Build of configuration Debug for project test ****
make pre-build main-build 
a9-linaro-pre-build-step
' '
make: Er is niets te doen voor 'main-build'.
14:26:18 **** Auto Build of configuration Debug for project test ****
make pre-build main-build 
a9-linaro-pre-build-step
' '
'Building file: ../src/helloworld.c'
'Invoking: ARM v7 gcc compiler'
arm-none-eabi-gcc -Wall -O0 -g3 -c -fmessage-length=0 -MT"src/helloworld.o" -mcpu=cortex-a9 -mfpu=vfpv3 -mfloat-abi=hard -I../../test_bsp/ps7_cortexa9_0/include -MMD -MP -MF"src/helloworld.d" -MT"src/helloworld.o" -o "src/helloworld.o" "../src/helloworld.c"
../src/helloworld.c: In function 'main':
../src/helloworld.c:72:55: warning: "/*" within comment [-Wcomment]
       *  #define XSPIPS_MASTER_OPTION    0x00000001U  /**< Master mode option
                                                        
../src/helloworld.c:73:57: warning: "/*" within comment [-Wcomment]
   *  #define XSPIPS_CLK_ACTIVE_LOW_OPTION  0x00000002U  /**< Active Low Clock option
                                                          
../src/helloworld.c:74:53: warning: "/*" within comment [-Wcomment]
    #define XSPIPS_CLK_PHASE_1_OPTION   0x00000004U  /**< Clock Phase one option
                                                      
../src/helloworld.c:75:55: warning: "/*" within comment [-Wcomment]
    #define XSPIPS_DECODE_SSELECT_OPTION  0x00000008U  /**< Select 16 slaves Option
                                                        
../src/helloworld.c:76:54: warning: "/*" within comment [-Wcomment]
    #define XSPIPS_FORCE_SSELECT_OPTION   0x00000010U /**< Force Slave Select
                                                       
../src/helloworld.c:77:53: warning: "/*" within comment [-Wcomment]
    #define XSPIPS_MANUAL_START_OPTION   0x00000020U /**< Manual Start mode option
                                                      
'Finished building: ../src/helloworld.c'
' '
'Building target: test.elf'
'Invoking: ARM v7 gcc linker'
arm-none-eabi-gcc -mcpu=cortex-a9 -mfpu=vfpv3 -mfloat-abi=hard -Wl,-build-id=none -specs=Xilinx.spec -Wl,-T -Wl,../src/lscript.ld -L../../test_bsp/ps7_cortexa9_0/lib -o "test.elf"  ./src/helloworld.o ./src/platform.o   -Wl,--start-group,-lxil,-lgcc,-lc,--end-group
'Finished building target: test.elf'
' '
'Invoking: ARM v7 Print Size'
arm-none-eabi-size test.elf  |tee "test.elf.size"
   text	   data	    bss	    dec	    hex	filename
  27032	   1160	  22648	  50840	   c698	test.elf
'Finished building: test.elf.size'
' '
14:26:22 **** Auto Build of configuration Debug for project test ****
make pre-build main-build 
a9-linaro-pre-build-step
' '
'Building file: ../src/helloworld.c'
'Invoking: ARM v7 gcc compiler'
arm-none-eabi-gcc -Wall -O0 -g3 -c -fmessage-length=0 -MT"src/helloworld.o" -mcpu=cortex-a9 -mfpu=vfpv3 -mfloat-abi=hard -I../../test_bsp/ps7_cortexa9_0/include -MMD -MP -MF"src/helloworld.d" -MT"src/helloworld.o" -o "src/helloworld.o" "../src/helloworld.c"
../src/helloworld.c: In function 'main':
../src/helloworld.c:72:55: warning: "/*" within comment [-Wcomment]
       *  #define XSPIPS_MASTER_OPTION    0x00000001U  /**< Master mode option
                                                        
../src/helloworld.c:73:57: warning: "/*" within comment [-Wcomment]
   *  #define XSPIPS_CLK_ACTIVE_LOW_OPTION  0x00000002U  /**< Active Low Clock option
                                                          
../src/helloworld.c:74:53: warning: "/*" within comment [-Wcomment]
    #define XSPIPS_CLK_PHASE_1_OPTION   0x00000004U  /**< Clock Phase one option
                                                      
../src/helloworld.c:75:55: warning: "/*" within comment [-Wcomment]
    #define XSPIPS_DECODE_SSELECT_OPTION  0x00000008U  /**< Select 16 slaves Option
                                                        
../src/helloworld.c:76:54: warning: "/*" within comment [-Wcomment]
    #define XSPIPS_FORCE_SSELECT_OPTION   0x00000010U /**< Force Slave Select
                                                       
../src/helloworld.c:77:53: warning: "/*" within comment [-Wcomment]
    #define XSPIPS_MANUAL_START_OPTION   0x00000020U /**< Manual Start mode option
                                                      
../src/helloworld.c:208:43: warning: passing argument 2 of 'XSpiPs_PolledTransfer' from incompatible pointer type [-Wincompatible-pointer-types]
     XSpiPs_PolledTransfer((&SpiInstance), &WriteBuffer, NULL, 24);
                                           ^
In file included from ../src/helloworld.c:6:0:
../../test_bsp/ps7_cortexa9_0/include/xspips.h:668:5: note: expected 'u8 * {aka unsigned char *}' but argument is of type 'u8 (*)[24] {aka unsigned char (*)[24]}'
 s32 XSpiPs_PolledTransfer(XSpiPs *InstancePtr, u8 *SendBufPtr,
     ^~~~~~~~~~~~~~~~~~~~~
'Finished building: ../src/helloworld.c'
' '
'Building target: test.elf'
'Invoking: ARM v7 gcc linker'
arm-none-eabi-gcc -mcpu=cortex-a9 -mfpu=vfpv3 -mfloat-abi=hard -Wl,-build-id=none -specs=Xilinx.spec -Wl,-T -Wl,../src/lscript.ld -L../../test_bsp/ps7_cortexa9_0/lib -o "test.elf"  ./src/helloworld.o ./src/platform.o   -Wl,--start-group,-lxil,-lgcc,-lc,--end-group
'Finished building target: test.elf'
' '
'Invoking: ARM v7 Print Size'
arm-none-eabi-size test.elf  |tee "test.elf.size"
   text	   data	    bss	    dec	    hex	filename
  27032	   1160	  22648	  50840	   c698	test.elf
'Finished building: test.elf.size'
' '
14:26:36 **** Auto Build of configuration Debug for project test ****
make pre-build main-build 
a9-linaro-pre-build-step
' '
'Building file: ../src/helloworld.c'
'Invoking: ARM v7 gcc compiler'
arm-none-eabi-gcc -Wall -O0 -g3 -c -fmessage-length=0 -MT"src/helloworld.o" -mcpu=cortex-a9 -mfpu=vfpv3 -mfloat-abi=hard -I../../test_bsp/ps7_cortexa9_0/include -MMD -MP -MF"src/helloworld.d" -MT"src/helloworld.o" -o "src/helloworld.o" "../src/helloworld.c"
../src/helloworld.c: In function 'main':
../src/helloworld.c:72:55: warning: "/*" within comment [-Wcomment]
       *  #define XSPIPS_MASTER_OPTION    0x00000001U  /**< Master mode option
                                                        
../src/helloworld.c:73:57: warning: "/*" within comment [-Wcomment]
   *  #define XSPIPS_CLK_ACTIVE_LOW_OPTION  0x00000002U  /**< Active Low Clock option
                                                          
../src/helloworld.c:74:53: warning: "/*" within comment [-Wcomment]
    #define XSPIPS_CLK_PHASE_1_OPTION   0x00000004U  /**< Clock Phase one option
                                                      
../src/helloworld.c:75:55: warning: "/*" within comment [-Wcomment]
    #define XSPIPS_DECODE_SSELECT_OPTION  0x00000008U  /**< Select 16 slaves Option
                                                        
../src/helloworld.c:76:54: warning: "/*" within comment [-Wcomment]
    #define XSPIPS_FORCE_SSELECT_OPTION   0x00000010U /**< Force Slave Select
                                                       
../src/helloworld.c:77:53: warning: "/*" within comment [-Wcomment]
    #define XSPIPS_MANUAL_START_OPTION   0x00000020U /**< Manual Start mode option
                                                      
'Finished building: ../src/helloworld.c'
' '
'Building target: test.elf'
'Invoking: ARM v7 gcc linker'
arm-none-eabi-gcc -mcpu=cortex-a9 -mfpu=vfpv3 -mfloat-abi=hard -Wl,-build-id=none -specs=Xilinx.spec -Wl,-T -Wl,../src/lscript.ld -L../../test_bsp/ps7_cortexa9_0/lib -o "test.elf"  ./src/helloworld.o ./src/platform.o   -Wl,--start-group,-lxil,-lgcc,-lc,--end-group
'Finished building target: test.elf'
' '
'Invoking: ARM v7 Print Size'
arm-none-eabi-size test.elf  |tee "test.elf.size"
   text	   data	    bss	    dec	    hex	filename
  27032	   1160	  22648	  50840	   c698	test.elf
'Finished building: test.elf.size'
' '
14:26:44 **** Incremental Build of configuration Debug for project test ****
make pre-build main-build 
a9-linaro-pre-build-step
' '
make: Er is niets te doen voor 'main-build'.
14:27:42 **** Auto Build of configuration Debug for project test ****
make pre-build main-build 
a9-linaro-pre-build-step
' '
'Building file: ../src/helloworld.c'
'Invoking: ARM v7 gcc compiler'
arm-none-eabi-gcc -Wall -O0 -g3 -c -fmessage-length=0 -MT"src/helloworld.o" -mcpu=cortex-a9 -mfpu=vfpv3 -mfloat-abi=hard -I../../test_bsp/ps7_cortexa9_0/include -MMD -MP -MF"src/helloworld.d" -MT"src/helloworld.o" -o "src/helloworld.o" "../src/helloworld.c"
../src/helloworld.c: In function 'main':
../src/helloworld.c:72:55: warning: "/*" within comment [-Wcomment]
       *  #define XSPIPS_MASTER_OPTION    0x00000001U  /**< Master mode option
                                                        
../src/helloworld.c:73:57: warning: "/*" within comment [-Wcomment]
   *  #define XSPIPS_CLK_ACTIVE_LOW_OPTION  0x00000002U  /**< Active Low Clock option
                                                          
../src/helloworld.c:74:53: warning: "/*" within comment [-Wcomment]
    #define XSPIPS_CLK_PHASE_1_OPTION   0x00000004U  /**< Clock Phase one option
                                                      
../src/helloworld.c:75:55: warning: "/*" within comment [-Wcomment]
    #define XSPIPS_DECODE_SSELECT_OPTION  0x00000008U  /**< Select 16 slaves Option
                                                        
../src/helloworld.c:76:54: warning: "/*" within comment [-Wcomment]
    #define XSPIPS_FORCE_SSELECT_OPTION   0x00000010U /**< Force Slave Select
                                                       
../src/helloworld.c:77:53: warning: "/*" within comment [-Wcomment]
    #define XSPIPS_MANUAL_START_OPTION   0x00000020U /**< Manual Start mode option
                                                      
'Finished building: ../src/helloworld.c'
' '
'Building target: test.elf'
'Invoking: ARM v7 gcc linker'
arm-none-eabi-gcc -mcpu=cortex-a9 -mfpu=vfpv3 -mfloat-abi=hard -Wl,-build-id=none -specs=Xilinx.spec -Wl,-T -Wl,../src/lscript.ld -L../../test_bsp/ps7_cortexa9_0/lib -o "test.elf"  ./src/helloworld.o ./src/platform.o   -Wl,--start-group,-lxil,-lgcc,-lc,--end-group
'Finished building target: test.elf'
' '
'Invoking: ARM v7 Print Size'
arm-none-eabi-size test.elf  |tee "test.elf.size"
   text	   data	    bss	    dec	    hex	filename
  27032	   1160	  22648	  50840	   c698	test.elf
'Finished building: test.elf.size'
' '
14:27:53 **** Incremental Build of configuration Debug for project test ****
make pre-build main-build 
a9-linaro-pre-build-step
' '
make: Er is niets te doen voor 'main-build'.
14:29:52 **** Auto Build of configuration Debug for project test ****
make pre-build main-build 
a9-linaro-pre-build-step
' '
'Building file: ../src/helloworld.c'
'Invoking: ARM v7 gcc compiler'
arm-none-eabi-gcc -Wall -O0 -g3 -c -fmessage-length=0 -MT"src/helloworld.o" -mcpu=cortex-a9 -mfpu=vfpv3 -mfloat-abi=hard -I../../test_bsp/ps7_cortexa9_0/include -MMD -MP -MF"src/helloworld.d" -MT"src/helloworld.o" -o "src/helloworld.o" "../src/helloworld.c"
../src/helloworld.c: In function 'main':
../src/helloworld.c:72:55: warning: "/*" within comment [-Wcomment]
       *  #define XSPIPS_MASTER_OPTION    0x00000001U  /**< Master mode option
                                                        
../src/helloworld.c:73:57: warning: "/*" within comment [-Wcomment]
   *  #define XSPIPS_CLK_ACTIVE_LOW_OPTION  0x00000002U  /**< Active Low Clock option
                                                          
../src/helloworld.c:74:53: warning: "/*" within comment [-Wcomment]
    #define XSPIPS_CLK_PHASE_1_OPTION   0x00000004U  /**< Clock Phase one option
                                                      
../src/helloworld.c:75:55: warning: "/*" within comment [-Wcomment]
    #define XSPIPS_DECODE_SSELECT_OPTION  0x00000008U  /**< Select 16 slaves Option
                                                        
../src/helloworld.c:76:54: warning: "/*" within comment [-Wcomment]
    #define XSPIPS_FORCE_SSELECT_OPTION   0x00000010U /**< Force Slave Select
                                                       
../src/helloworld.c:77:53: warning: "/*" within comment [-Wcomment]
    #define XSPIPS_MANUAL_START_OPTION   0x00000020U /**< Manual Start mode option
                                                      
../src/helloworld.c:158:20: error: 'i' undeclared (first use in this function)
        WriteBuffer[i]=0b11111111;
                    ^
../src/helloworld.c:158:20: note: each undeclared identifier is reported only once for each function it appears in
make: *** [src/helloworld.o] Fout 1
14:29:59 **** Auto Build of configuration Debug for project test ****
make pre-build main-build 
a9-linaro-pre-build-step
' '
'Building file: ../src/helloworld.c'
'Invoking: ARM v7 gcc compiler'
arm-none-eabi-gcc -Wall -O0 -g3 -c -fmessage-length=0 -MT"src/helloworld.o" -mcpu=cortex-a9 -mfpu=vfpv3 -mfloat-abi=hard -I../../test_bsp/ps7_cortexa9_0/include -MMD -MP -MF"src/helloworld.d" -MT"src/helloworld.o" -o "src/helloworld.o" "../src/helloworld.c"
../src/helloworld.c: In function 'main':
../src/helloworld.c:72:55: warning: "/*" within comment [-Wcomment]
       *  #define XSPIPS_MASTER_OPTION    0x00000001U  /**< Master mode option
                                                        
../src/helloworld.c:73:57: warning: "/*" within comment [-Wcomment]
   *  #define XSPIPS_CLK_ACTIVE_LOW_OPTION  0x00000002U  /**< Active Low Clock option
                                                          
../src/helloworld.c:74:53: warning: "/*" within comment [-Wcomment]
    #define XSPIPS_CLK_PHASE_1_OPTION   0x00000004U  /**< Clock Phase one option
                                                      
../src/helloworld.c:75:55: warning: "/*" within comment [-Wcomment]
    #define XSPIPS_DECODE_SSELECT_OPTION  0x00000008U  /**< Select 16 slaves Option
                                                        
../src/helloworld.c:76:54: warning: "/*" within comment [-Wcomment]
    #define XSPIPS_FORCE_SSELECT_OPTION   0x00000010U /**< Force Slave Select
                                                       
../src/helloworld.c:77:53: warning: "/*" within comment [-Wcomment]
    #define XSPIPS_MANUAL_START_OPTION   0x00000020U /**< Manual Start mode option
                                                      
'Finished building: ../src/helloworld.c'
' '
'Building target: test.elf'
'Invoking: ARM v7 gcc linker'
arm-none-eabi-gcc -mcpu=cortex-a9 -mfpu=vfpv3 -mfloat-abi=hard -Wl,-build-id=none -specs=Xilinx.spec -Wl,-T -Wl,../src/lscript.ld -L../../test_bsp/ps7_cortexa9_0/lib -o "test.elf"  ./src/helloworld.o ./src/platform.o   -Wl,--start-group,-lxil,-lgcc,-lc,--end-group
'Finished building target: test.elf'
' '
'Invoking: ARM v7 Print Size'
arm-none-eabi-size test.elf  |tee "test.elf.size"
   text	   data	    bss	    dec	    hex	filename
  26712	   1160	  22648	  50520	   c558	test.elf
'Finished building: test.elf.size'
' '
14:30:10 **** Incremental Build of configuration Debug for project test ****
make pre-build main-build 
a9-linaro-pre-build-step
' '
make: Er is niets te doen voor 'main-build'.
14:31:37 **** Auto Build of configuration Debug for project test ****
make pre-build main-build 
a9-linaro-pre-build-step
' '
'Building file: ../src/helloworld.c'
'Invoking: ARM v7 gcc compiler'
arm-none-eabi-gcc -Wall -O0 -g3 -c -fmessage-length=0 -MT"src/helloworld.o" -mcpu=cortex-a9 -mfpu=vfpv3 -mfloat-abi=hard -I../../test_bsp/ps7_cortexa9_0/include -MMD -MP -MF"src/helloworld.d" -MT"src/helloworld.o" -o "src/helloworld.o" "../src/helloworld.c"
../src/helloworld.c: In function 'main':
../src/helloworld.c:72:55: warning: "/*" within comment [-Wcomment]
       *  #define XSPIPS_MASTER_OPTION    0x00000001U  /**< Master mode option
                                                        
../src/helloworld.c:73:57: warning: "/*" within comment [-Wcomment]
   *  #define XSPIPS_CLK_ACTIVE_LOW_OPTION  0x00000002U  /**< Active Low Clock option
                                                          
../src/helloworld.c:74:53: warning: "/*" within comment [-Wcomment]
    #define XSPIPS_CLK_PHASE_1_OPTION   0x00000004U  /**< Clock Phase one option
                                                      
../src/helloworld.c:75:55: warning: "/*" within comment [-Wcomment]
    #define XSPIPS_DECODE_SSELECT_OPTION  0x00000008U  /**< Select 16 slaves Option
                                                        
../src/helloworld.c:76:54: warning: "/*" within comment [-Wcomment]
    #define XSPIPS_FORCE_SSELECT_OPTION   0x00000010U /**< Force Slave Select
                                                       
../src/helloworld.c:77:53: warning: "/*" within comment [-Wcomment]
    #define XSPIPS_MANUAL_START_OPTION   0x00000020U /**< Manual Start mode option
                                                      
'Finished building: ../src/helloworld.c'
' '
'Building target: test.elf'
'Invoking: ARM v7 gcc linker'
arm-none-eabi-gcc -mcpu=cortex-a9 -mfpu=vfpv3 -mfloat-abi=hard -Wl,-build-id=none -specs=Xilinx.spec -Wl,-T -Wl,../src/lscript.ld -L../../test_bsp/ps7_cortexa9_0/lib -o "test.elf"  ./src/helloworld.o ./src/platform.o   -Wl,--start-group,-lxil,-lgcc,-lc,--end-group
'Finished building target: test.elf'
' '
'Invoking: ARM v7 Print Size'
arm-none-eabi-size test.elf  |tee "test.elf.size"
   text	   data	    bss	    dec	    hex	filename
  26712	   1160	  22648	  50520	   c558	test.elf
'Finished building: test.elf.size'
' '
14:31:46 **** Incremental Build of configuration Debug for project test ****
make pre-build main-build 
a9-linaro-pre-build-step
' '
make: Er is niets te doen voor 'main-build'.
14:33:51 **** Auto Build of configuration Debug for project test ****
make pre-build main-build 
a9-linaro-pre-build-step
' '
'Building file: ../src/helloworld.c'
'Invoking: ARM v7 gcc compiler'
arm-none-eabi-gcc -Wall -O0 -g3 -c -fmessage-length=0 -MT"src/helloworld.o" -mcpu=cortex-a9 -mfpu=vfpv3 -mfloat-abi=hard -I../../test_bsp/ps7_cortexa9_0/include -MMD -MP -MF"src/helloworld.d" -MT"src/helloworld.o" -o "src/helloworld.o" "../src/helloworld.c"
../src/helloworld.c: In function 'main':
../src/helloworld.c:72:55: warning: "/*" within comment [-Wcomment]
       *  #define XSPIPS_MASTER_OPTION    0x00000001U  /**< Master mode option
                                                        
../src/helloworld.c:73:57: warning: "/*" within comment [-Wcomment]
   *  #define XSPIPS_CLK_ACTIVE_LOW_OPTION  0x00000002U  /**< Active Low Clock option
                                                          
../src/helloworld.c:74:53: warning: "/*" within comment [-Wcomment]
    #define XSPIPS_CLK_PHASE_1_OPTION   0x00000004U  /**< Clock Phase one option
                                                      
../src/helloworld.c:75:55: warning: "/*" within comment [-Wcomment]
    #define XSPIPS_DECODE_SSELECT_OPTION  0x00000008U  /**< Select 16 slaves Option
                                                        
../src/helloworld.c:76:54: warning: "/*" within comment [-Wcomment]
    #define XSPIPS_FORCE_SSELECT_OPTION   0x00000010U /**< Force Slave Select
                                                       
../src/helloworld.c:77:53: warning: "/*" within comment [-Wcomment]
    #define XSPIPS_MANUAL_START_OPTION   0x00000020U /**< Manual Start mode option
                                                      
'Finished building: ../src/helloworld.c'
' '
'Building target: test.elf'
'Invoking: ARM v7 gcc linker'
arm-none-eabi-gcc -mcpu=cortex-a9 -mfpu=vfpv3 -mfloat-abi=hard -Wl,-build-id=none -specs=Xilinx.spec -Wl,-T -Wl,../src/lscript.ld -L../../test_bsp/ps7_cortexa9_0/lib -o "test.elf"  ./src/helloworld.o ./src/platform.o   -Wl,--start-group,-lxil,-lgcc,-lc,--end-group
'Finished building target: test.elf'
' '
'Invoking: ARM v7 Print Size'
arm-none-eabi-size test.elf  |tee "test.elf.size"
   text	   data	    bss	    dec	    hex	filename
  26712	   1160	  22648	  50520	   c558	test.elf
'Finished building: test.elf.size'
' '
14:33:59 **** Incremental Build of configuration Debug for project test ****
make pre-build main-build 
a9-linaro-pre-build-step
' '
make: Er is niets te doen voor 'main-build'.
14:34:52 **** Incremental Build of configuration Debug for project test ****
make pre-build main-build 
a9-linaro-pre-build-step
' '
make: Er is niets te doen voor 'main-build'.
14:35:44 **** Incremental Build of configuration Debug for project test ****
make pre-build main-build 
a9-linaro-pre-build-step
' '
make: Er is niets te doen voor 'main-build'.
14:36:02 **** Incremental Build of configuration Debug for project test ****
make pre-build main-build 
a9-linaro-pre-build-step
' '
make: Er is niets te doen voor 'main-build'.
14:36:40 **** Auto Build of configuration Debug for project test ****
make pre-build main-build 
a9-linaro-pre-build-step
' '
'Building file: ../src/helloworld.c'
'Invoking: ARM v7 gcc compiler'
arm-none-eabi-gcc -Wall -O0 -g3 -c -fmessage-length=0 -MT"src/helloworld.o" -mcpu=cortex-a9 -mfpu=vfpv3 -mfloat-abi=hard -I../../test_bsp/ps7_cortexa9_0/include -MMD -MP -MF"src/helloworld.d" -MT"src/helloworld.o" -o "src/helloworld.o" "../src/helloworld.c"
../src/helloworld.c: In function 'main':
../src/helloworld.c:72:55: warning: "/*" within comment [-Wcomment]
       *  #define XSPIPS_MASTER_OPTION    0x00000001U  /**< Master mode option
                                                        
../src/helloworld.c:73:57: warning: "/*" within comment [-Wcomment]
   *  #define XSPIPS_CLK_ACTIVE_LOW_OPTION  0x00000002U  /**< Active Low Clock option
                                                          
../src/helloworld.c:74:53: warning: "/*" within comment [-Wcomment]
    #define XSPIPS_CLK_PHASE_1_OPTION   0x00000004U  /**< Clock Phase one option
                                                      
../src/helloworld.c:75:55: warning: "/*" within comment [-Wcomment]
    #define XSPIPS_DECODE_SSELECT_OPTION  0x00000008U  /**< Select 16 slaves Option
                                                        
../src/helloworld.c:76:54: warning: "/*" within comment [-Wcomment]
    #define XSPIPS_FORCE_SSELECT_OPTION   0x00000010U /**< Force Slave Select
                                                       
../src/helloworld.c:77:53: warning: "/*" within comment [-Wcomment]
    #define XSPIPS_MANUAL_START_OPTION   0x00000020U /**< Manual Start mode option
                                                      
'Finished building: ../src/helloworld.c'
' '
'Building target: test.elf'
'Invoking: ARM v7 gcc linker'
arm-none-eabi-gcc -mcpu=cortex-a9 -mfpu=vfpv3 -mfloat-abi=hard -Wl,-build-id=none -specs=Xilinx.spec -Wl,-T -Wl,../src/lscript.ld -L../../test_bsp/ps7_cortexa9_0/lib -o "test.elf"  ./src/helloworld.o ./src/platform.o   -Wl,--start-group,-lxil,-lgcc,-lc,--end-group
'Finished building target: test.elf'
' '
'Invoking: ARM v7 Print Size'
arm-none-eabi-size test.elf  |tee "test.elf.size"
   text	   data	    bss	    dec	    hex	filename
  26712	   1160	  22648	  50520	   c558	test.elf
'Finished building: test.elf.size'
' '
14:36:49 **** Auto Build of configuration Debug for project test ****
make pre-build main-build 
a9-linaro-pre-build-step
' '
'Building file: ../src/helloworld.c'
'Invoking: ARM v7 gcc compiler'
arm-none-eabi-gcc -Wall -O0 -g3 -c -fmessage-length=0 -MT"src/helloworld.o" -mcpu=cortex-a9 -mfpu=vfpv3 -mfloat-abi=hard -I../../test_bsp/ps7_cortexa9_0/include -MMD -MP -MF"src/helloworld.d" -MT"src/helloworld.o" -o "src/helloworld.o" "../src/helloworld.c"
../src/helloworld.c: In function 'main':
../src/helloworld.c:72:55: warning: "/*" within comment [-Wcomment]
       *  #define XSPIPS_MASTER_OPTION    0x00000001U  /**< Master mode option
                                                        
../src/helloworld.c:73:57: warning: "/*" within comment [-Wcomment]
   *  #define XSPIPS_CLK_ACTIVE_LOW_OPTION  0x00000002U  /**< Active Low Clock option
                                                          
../src/helloworld.c:74:53: warning: "/*" within comment [-Wcomment]
    #define XSPIPS_CLK_PHASE_1_OPTION   0x00000004U  /**< Clock Phase one option
                                                      
../src/helloworld.c:75:55: warning: "/*" within comment [-Wcomment]
    #define XSPIPS_DECODE_SSELECT_OPTION  0x00000008U  /**< Select 16 slaves Option
                                                        
../src/helloworld.c:76:54: warning: "/*" within comment [-Wcomment]
    #define XSPIPS_FORCE_SSELECT_OPTION   0x00000010U /**< Force Slave Select
                                                       
../src/helloworld.c:77:53: warning: "/*" within comment [-Wcomment]
    #define XSPIPS_MANUAL_START_OPTION   0x00000020U /**< Manual Start mode option
                                                      
'Finished building: ../src/helloworld.c'
' '
'Building target: test.elf'
'Invoking: ARM v7 gcc linker'
arm-none-eabi-gcc -mcpu=cortex-a9 -mfpu=vfpv3 -mfloat-abi=hard -Wl,-build-id=none -specs=Xilinx.spec -Wl,-T -Wl,../src/lscript.ld -L../../test_bsp/ps7_cortexa9_0/lib -o "test.elf"  ./src/helloworld.o ./src/platform.o   -Wl,--start-group,-lxil,-lgcc,-lc,--end-group
'Finished building target: test.elf'
' '
'Invoking: ARM v7 Print Size'
arm-none-eabi-size test.elf  |tee "test.elf.size"
   text	   data	    bss	    dec	    hex	filename
  26712	   1160	  22648	  50520	   c558	test.elf
'Finished building: test.elf.size'
' '
14:37:08 **** Incremental Build of configuration Debug for project test ****
make pre-build main-build 
a9-linaro-pre-build-step
' '
make: Er is niets te doen voor 'main-build'.
14:37:36 **** Incremental Build of configuration Debug for project test ****
make pre-build main-build 
a9-linaro-pre-build-step
' '
make: Er is niets te doen voor 'main-build'.
14:38:34 **** Auto Build of configuration Debug for project test ****
make pre-build main-build 
a9-linaro-pre-build-step
' '
'Building file: ../src/helloworld.c'
'Invoking: ARM v7 gcc compiler'
arm-none-eabi-gcc -Wall -O0 -g3 -c -fmessage-length=0 -MT"src/helloworld.o" -mcpu=cortex-a9 -mfpu=vfpv3 -mfloat-abi=hard -I../../test_bsp/ps7_cortexa9_0/include -MMD -MP -MF"src/helloworld.d" -MT"src/helloworld.o" -o "src/helloworld.o" "../src/helloworld.c"
../src/helloworld.c: In function 'main':
../src/helloworld.c:72:55: warning: "/*" within comment [-Wcomment]
       *  #define XSPIPS_MASTER_OPTION    0x00000001U  /**< Master mode option
                                                        
../src/helloworld.c:73:57: warning: "/*" within comment [-Wcomment]
   *  #define XSPIPS_CLK_ACTIVE_LOW_OPTION  0x00000002U  /**< Active Low Clock option
                                                          
../src/helloworld.c:74:53: warning: "/*" within comment [-Wcomment]
    #define XSPIPS_CLK_PHASE_1_OPTION   0x00000004U  /**< Clock Phase one option
                                                      
../src/helloworld.c:75:55: warning: "/*" within comment [-Wcomment]
    #define XSPIPS_DECODE_SSELECT_OPTION  0x00000008U  /**< Select 16 slaves Option
                                                        
../src/helloworld.c:76:54: warning: "/*" within comment [-Wcomment]
    #define XSPIPS_FORCE_SSELECT_OPTION   0x00000010U /**< Force Slave Select
                                                       
../src/helloworld.c:77:53: warning: "/*" within comment [-Wcomment]
    #define XSPIPS_MANUAL_START_OPTION   0x00000020U /**< Manual Start mode option
                                                      
'Finished building: ../src/helloworld.c'
' '
'Building target: test.elf'
'Invoking: ARM v7 gcc linker'
arm-none-eabi-gcc -mcpu=cortex-a9 -mfpu=vfpv3 -mfloat-abi=hard -Wl,-build-id=none -specs=Xilinx.spec -Wl,-T -Wl,../src/lscript.ld -L../../test_bsp/ps7_cortexa9_0/lib -o "test.elf"  ./src/helloworld.o ./src/platform.o   -Wl,--start-group,-lxil,-lgcc,-lc,--end-group
'Finished building target: test.elf'
' '
'Invoking: ARM v7 Print Size'
arm-none-eabi-size test.elf  |tee "test.elf.size"
   text	   data	    bss	    dec	    hex	filename
  26712	   1160	  22648	  50520	   c558	test.elf
'Finished building: test.elf.size'
' '
14:38:47 **** Incremental Build of configuration Debug for project test ****
make pre-build main-build 
a9-linaro-pre-build-step
' '
make: Er is niets te doen voor 'main-build'.
14:40:48 **** Auto Build of configuration Debug for project test ****
make pre-build main-build 
a9-linaro-pre-build-step
' '
'Building file: ../src/helloworld.c'
'Invoking: ARM v7 gcc compiler'
arm-none-eabi-gcc -Wall -O0 -g3 -c -fmessage-length=0 -MT"src/helloworld.o" -mcpu=cortex-a9 -mfpu=vfpv3 -mfloat-abi=hard -I../../test_bsp/ps7_cortexa9_0/include -MMD -MP -MF"src/helloworld.d" -MT"src/helloworld.o" -o "src/helloworld.o" "../src/helloworld.c"
../src/helloworld.c: In function 'main':
../src/helloworld.c:72:55: warning: "/*" within comment [-Wcomment]
       *  #define XSPIPS_MASTER_OPTION    0x00000001U  /**< Master mode option
                                                        
../src/helloworld.c:73:57: warning: "/*" within comment [-Wcomment]
   *  #define XSPIPS_CLK_ACTIVE_LOW_OPTION  0x00000002U  /**< Active Low Clock option
                                                          
../src/helloworld.c:74:53: warning: "/*" within comment [-Wcomment]
    #define XSPIPS_CLK_PHASE_1_OPTION   0x00000004U  /**< Clock Phase one option
                                                      
../src/helloworld.c:75:55: warning: "/*" within comment [-Wcomment]
    #define XSPIPS_DECODE_SSELECT_OPTION  0x00000008U  /**< Select 16 slaves Option
                                                        
../src/helloworld.c:76:54: warning: "/*" within comment [-Wcomment]
    #define XSPIPS_FORCE_SSELECT_OPTION   0x00000010U /**< Force Slave Select
                                                       
../src/helloworld.c:77:53: warning: "/*" within comment [-Wcomment]
    #define XSPIPS_MANUAL_START_OPTION   0x00000020U /**< Manual Start mode option
                                                      
'Finished building: ../src/helloworld.c'
' '
'Building target: test.elf'
'Invoking: ARM v7 gcc linker'
arm-none-eabi-gcc -mcpu=cortex-a9 -mfpu=vfpv3 -mfloat-abi=hard -Wl,-build-id=none -specs=Xilinx.spec -Wl,-T -Wl,../src/lscript.ld -L../../test_bsp/ps7_cortexa9_0/lib -o "test.elf"  ./src/helloworld.o ./src/platform.o   -Wl,--start-group,-lxil,-lgcc,-lc,--end-group
'Finished building target: test.elf'
' '
'Invoking: ARM v7 Print Size'
arm-none-eabi-size test.elf  |tee "test.elf.size"
   text	   data	    bss	    dec	    hex	filename
  26712	   1160	  22648	  50520	   c558	test.elf
'Finished building: test.elf.size'
' '
14:41:36 **** Auto Build of configuration Debug for project test ****
make pre-build main-build 
a9-linaro-pre-build-step
' '
'Building file: ../src/helloworld.c'
'Invoking: ARM v7 gcc compiler'
arm-none-eabi-gcc -Wall -O0 -g3 -c -fmessage-length=0 -MT"src/helloworld.o" -mcpu=cortex-a9 -mfpu=vfpv3 -mfloat-abi=hard -I../../test_bsp/ps7_cortexa9_0/include -MMD -MP -MF"src/helloworld.d" -MT"src/helloworld.o" -o "src/helloworld.o" "../src/helloworld.c"
../src/helloworld.c: In function 'main':
../src/helloworld.c:72:55: warning: "/*" within comment [-Wcomment]
       *  #define XSPIPS_MASTER_OPTION    0x00000001U  /**< Master mode option
                                                        
../src/helloworld.c:73:57: warning: "/*" within comment [-Wcomment]
   *  #define XSPIPS_CLK_ACTIVE_LOW_OPTION  0x00000002U  /**< Active Low Clock option
                                                          
../src/helloworld.c:74:53: warning: "/*" within comment [-Wcomment]
    #define XSPIPS_CLK_PHASE_1_OPTION   0x00000004U  /**< Clock Phase one option
                                                      
../src/helloworld.c:75:55: warning: "/*" within comment [-Wcomment]
    #define XSPIPS_DECODE_SSELECT_OPTION  0x00000008U  /**< Select 16 slaves Option
                                                        
../src/helloworld.c:76:54: warning: "/*" within comment [-Wcomment]
    #define XSPIPS_FORCE_SSELECT_OPTION   0x00000010U /**< Force Slave Select
                                                       
../src/helloworld.c:77:53: warning: "/*" within comment [-Wcomment]
    #define XSPIPS_MANUAL_START_OPTION   0x00000020U /**< Manual Start mode option
                                                      
'Finished building: ../src/helloworld.c'
' '
'Building target: test.elf'
'Invoking: ARM v7 gcc linker'
arm-none-eabi-gcc -mcpu=cortex-a9 -mfpu=vfpv3 -mfloat-abi=hard -Wl,-build-id=none -specs=Xilinx.spec -Wl,-T -Wl,../src/lscript.ld -L../../test_bsp/ps7_cortexa9_0/lib -o "test.elf"  ./src/helloworld.o ./src/platform.o   -Wl,--start-group,-lxil,-lgcc,-lc,--end-group
'Finished building target: test.elf'
' '
'Invoking: ARM v7 Print Size'
arm-none-eabi-size test.elf  |tee "test.elf.size"
   text	   data	    bss	    dec	    hex	filename
  26648	   1160	  22648	  50456	   c518	test.elf
'Finished building: test.elf.size'
' '
14:41:46 **** Incremental Build of configuration Debug for project test ****
make pre-build main-build 
a9-linaro-pre-build-step
' '
make: Er is niets te doen voor 'main-build'.
14:42:34 **** Incremental Build of configuration Debug for project test ****
make pre-build main-build 
a9-linaro-pre-build-step
' '
make: Er is niets te doen voor 'main-build'.
14:43:45 **** Auto Build of configuration Debug for project test ****
make pre-build main-build 
a9-linaro-pre-build-step
' '
'Building file: ../src/helloworld.c'
'Invoking: ARM v7 gcc compiler'
arm-none-eabi-gcc -Wall -O0 -g3 -c -fmessage-length=0 -MT"src/helloworld.o" -mcpu=cortex-a9 -mfpu=vfpv3 -mfloat-abi=hard -I../../test_bsp/ps7_cortexa9_0/include -MMD -MP -MF"src/helloworld.d" -MT"src/helloworld.o" -o "src/helloworld.o" "../src/helloworld.c"
../src/helloworld.c: In function 'main':
../src/helloworld.c:72:55: warning: "/*" within comment [-Wcomment]
       *  #define XSPIPS_MASTER_OPTION    0x00000001U  /**< Master mode option
                                                        
../src/helloworld.c:73:57: warning: "/*" within comment [-Wcomment]
   *  #define XSPIPS_CLK_ACTIVE_LOW_OPTION  0x00000002U  /**< Active Low Clock option
                                                          
../src/helloworld.c:74:53: warning: "/*" within comment [-Wcomment]
    #define XSPIPS_CLK_PHASE_1_OPTION   0x00000004U  /**< Clock Phase one option
                                                      
../src/helloworld.c:75:55: warning: "/*" within comment [-Wcomment]
    #define XSPIPS_DECODE_SSELECT_OPTION  0x00000008U  /**< Select 16 slaves Option
                                                        
../src/helloworld.c:76:54: warning: "/*" within comment [-Wcomment]
    #define XSPIPS_FORCE_SSELECT_OPTION   0x00000010U /**< Force Slave Select
                                                       
../src/helloworld.c:77:53: warning: "/*" within comment [-Wcomment]
    #define XSPIPS_MANUAL_START_OPTION   0x00000020U /**< Manual Start mode option
                                                      
'Finished building: ../src/helloworld.c'
' '
'Building target: test.elf'
'Invoking: ARM v7 gcc linker'
arm-none-eabi-gcc -mcpu=cortex-a9 -mfpu=vfpv3 -mfloat-abi=hard -Wl,-build-id=none -specs=Xilinx.spec -Wl,-T -Wl,../src/lscript.ld -L../../test_bsp/ps7_cortexa9_0/lib -o "test.elf"  ./src/helloworld.o ./src/platform.o   -Wl,--start-group,-lxil,-lgcc,-lc,--end-group
'Finished building target: test.elf'
' '
'Invoking: ARM v7 Print Size'
arm-none-eabi-size test.elf  |tee "test.elf.size"
   text	   data	    bss	    dec	    hex	filename
  26648	   1160	  22648	  50456	   c518	test.elf
'Finished building: test.elf.size'
' '
14:44:07 **** Incremental Build of configuration Debug for project test ****
make pre-build main-build 
a9-linaro-pre-build-step
' '
make: Er is niets te doen voor 'main-build'.
14:45:29 **** Auto Build of configuration Debug for project test ****
make pre-build main-build 
a9-linaro-pre-build-step
' '
'Building file: ../src/helloworld.c'
'Invoking: ARM v7 gcc compiler'
arm-none-eabi-gcc -Wall -O0 -g3 -c -fmessage-length=0 -MT"src/helloworld.o" -mcpu=cortex-a9 -mfpu=vfpv3 -mfloat-abi=hard -I../../test_bsp/ps7_cortexa9_0/include -MMD -MP -MF"src/helloworld.d" -MT"src/helloworld.o" -o "src/helloworld.o" "../src/helloworld.c"
../src/helloworld.c: In function 'main':
../src/helloworld.c:72:55: warning: "/*" within comment [-Wcomment]
       *  #define XSPIPS_MASTER_OPTION    0x00000001U  /**< Master mode option
                                                        
../src/helloworld.c:73:57: warning: "/*" within comment [-Wcomment]
   *  #define XSPIPS_CLK_ACTIVE_LOW_OPTION  0x00000002U  /**< Active Low Clock option
                                                          
../src/helloworld.c:74:53: warning: "/*" within comment [-Wcomment]
    #define XSPIPS_CLK_PHASE_1_OPTION   0x00000004U  /**< Clock Phase one option
                                                      
../src/helloworld.c:75:55: warning: "/*" within comment [-Wcomment]
    #define XSPIPS_DECODE_SSELECT_OPTION  0x00000008U  /**< Select 16 slaves Option
                                                        
../src/helloworld.c:76:54: warning: "/*" within comment [-Wcomment]
    #define XSPIPS_FORCE_SSELECT_OPTION   0x00000010U /**< Force Slave Select
                                                       
../src/helloworld.c:77:53: warning: "/*" within comment [-Wcomment]
    #define XSPIPS_MANUAL_START_OPTION   0x00000020U /**< Manual Start mode option
                                                      
'Finished building: ../src/helloworld.c'
' '
'Building target: test.elf'
'Invoking: ARM v7 gcc linker'
arm-none-eabi-gcc -mcpu=cortex-a9 -mfpu=vfpv3 -mfloat-abi=hard -Wl,-build-id=none -specs=Xilinx.spec -Wl,-T -Wl,../src/lscript.ld -L../../test_bsp/ps7_cortexa9_0/lib -o "test.elf"  ./src/helloworld.o ./src/platform.o   -Wl,--start-group,-lxil,-lgcc,-lc,--end-group
'Finished building target: test.elf'
' '
'Invoking: ARM v7 Print Size'
arm-none-eabi-size test.elf  |tee "test.elf.size"
   text	   data	    bss	    dec	    hex	filename
  26648	   1160	  22648	  50456	   c518	test.elf
'Finished building: test.elf.size'
' '
14:45:43 **** Incremental Build of configuration Debug for project test ****
make pre-build main-build 
a9-linaro-pre-build-step
' '
make: Er is niets te doen voor 'main-build'.
14:47:04 **** Incremental Build of configuration Debug for project test ****
make pre-build main-build 
a9-linaro-pre-build-step
' '
make: Er is niets te doen voor 'main-build'.
14:49:10 **** Auto Build of configuration Debug for project test ****
make pre-build main-build 
a9-linaro-pre-build-step
' '
make: Er is niets te doen voor 'main-build'.
14:49:19 **** Incremental Build of configuration Debug for project test ****
make pre-build main-build 
a9-linaro-pre-build-step
' '
make: Er is niets te doen voor 'main-build'.
14:50:31 **** Auto Build of configuration Debug for project test ****
make pre-build main-build 
a9-linaro-pre-build-step
' '
'Building file: ../src/helloworld.c'
'Invoking: ARM v7 gcc compiler'
arm-none-eabi-gcc -Wall -O0 -g3 -c -fmessage-length=0 -MT"src/helloworld.o" -mcpu=cortex-a9 -mfpu=vfpv3 -mfloat-abi=hard -I../../test_bsp/ps7_cortexa9_0/include -MMD -MP -MF"src/helloworld.d" -MT"src/helloworld.o" -o "src/helloworld.o" "../src/helloworld.c"
../src/helloworld.c: In function 'main':
../src/helloworld.c:72:55: warning: "/*" within comment [-Wcomment]
       *  #define XSPIPS_MASTER_OPTION    0x00000001U  /**< Master mode option
                                                        
../src/helloworld.c:73:57: warning: "/*" within comment [-Wcomment]
   *  #define XSPIPS_CLK_ACTIVE_LOW_OPTION  0x00000002U  /**< Active Low Clock option
                                                          
../src/helloworld.c:74:53: warning: "/*" within comment [-Wcomment]
    #define XSPIPS_CLK_PHASE_1_OPTION   0x00000004U  /**< Clock Phase one option
                                                      
../src/helloworld.c:75:55: warning: "/*" within comment [-Wcomment]
    #define XSPIPS_DECODE_SSELECT_OPTION  0x00000008U  /**< Select 16 slaves Option
                                                        
../src/helloworld.c:76:54: warning: "/*" within comment [-Wcomment]
    #define XSPIPS_FORCE_SSELECT_OPTION   0x00000010U /**< Force Slave Select
                                                       
../src/helloworld.c:77:53: warning: "/*" within comment [-Wcomment]
    #define XSPIPS_MANUAL_START_OPTION   0x00000020U /**< Manual Start mode option
                                                      
'Finished building: ../src/helloworld.c'
' '
'Building target: test.elf'
'Invoking: ARM v7 gcc linker'
arm-none-eabi-gcc -mcpu=cortex-a9 -mfpu=vfpv3 -mfloat-abi=hard -Wl,-build-id=none -specs=Xilinx.spec -Wl,-T -Wl,../src/lscript.ld -L../../test_bsp/ps7_cortexa9_0/lib -o "test.elf"  ./src/helloworld.o ./src/platform.o   -Wl,--start-group,-lxil,-lgcc,-lc,--end-group
'Finished building target: test.elf'
' '
'Invoking: ARM v7 Print Size'
arm-none-eabi-size test.elf  |tee "test.elf.size"
   text	   data	    bss	    dec	    hex	filename
  26648	   1160	  22648	  50456	   c518	test.elf
'Finished building: test.elf.size'
' '
14:50:41 **** Incremental Build of configuration Debug for project test ****
make pre-build main-build 
a9-linaro-pre-build-step
' '
make: Er is niets te doen voor 'main-build'.
14:53:11 **** Auto Build of configuration Debug for project test ****
make pre-build main-build 
a9-linaro-pre-build-step
' '
'Building file: ../src/helloworld.c'
'Invoking: ARM v7 gcc compiler'
arm-none-eabi-gcc -Wall -O0 -g3 -c -fmessage-length=0 -MT"src/helloworld.o" -mcpu=cortex-a9 -mfpu=vfpv3 -mfloat-abi=hard -I../../test_bsp/ps7_cortexa9_0/include -MMD -MP -MF"src/helloworld.d" -MT"src/helloworld.o" -o "src/helloworld.o" "../src/helloworld.c"
../src/helloworld.c: In function 'main':
../src/helloworld.c:72:55: warning: "/*" within comment [-Wcomment]
       *  #define XSPIPS_MASTER_OPTION    0x00000001U  /**< Master mode option
                                                        
../src/helloworld.c:73:57: warning: "/*" within comment [-Wcomment]
   *  #define XSPIPS_CLK_ACTIVE_LOW_OPTION  0x00000002U  /**< Active Low Clock option
                                                          
../src/helloworld.c:74:53: warning: "/*" within comment [-Wcomment]
    #define XSPIPS_CLK_PHASE_1_OPTION   0x00000004U  /**< Clock Phase one option
                                                      
../src/helloworld.c:75:55: warning: "/*" within comment [-Wcomment]
    #define XSPIPS_DECODE_SSELECT_OPTION  0x00000008U  /**< Select 16 slaves Option
                                                        
../src/helloworld.c:76:54: warning: "/*" within comment [-Wcomment]
    #define XSPIPS_FORCE_SSELECT_OPTION   0x00000010U /**< Force Slave Select
                                                       
../src/helloworld.c:77:53: warning: "/*" within comment [-Wcomment]
    #define XSPIPS_MANUAL_START_OPTION   0x00000020U /**< Manual Start mode option
                                                      
'Finished building: ../src/helloworld.c'
' '
'Building target: test.elf'
'Invoking: ARM v7 gcc linker'
arm-none-eabi-gcc -mcpu=cortex-a9 -mfpu=vfpv3 -mfloat-abi=hard -Wl,-build-id=none -specs=Xilinx.spec -Wl,-T -Wl,../src/lscript.ld -L../../test_bsp/ps7_cortexa9_0/lib -o "test.elf"  ./src/helloworld.o ./src/platform.o   -Wl,--start-group,-lxil,-lgcc,-lc,--end-group
'Finished building target: test.elf'
' '
'Invoking: ARM v7 Print Size'
arm-none-eabi-size test.elf  |tee "test.elf.size"
   text	   data	    bss	    dec	    hex	filename
  26648	   1160	  22648	  50456	   c518	test.elf
'Finished building: test.elf.size'
' '
14:53:36 **** Incremental Build of configuration Debug for project test ****
make pre-build main-build 
a9-linaro-pre-build-step
' '
make: Er is niets te doen voor 'main-build'.
14:54:08 **** Incremental Build of configuration Debug for project test ****
make pre-build main-build 
a9-linaro-pre-build-step
' '
make: Er is niets te doen voor 'main-build'.
14:54:58 **** Auto Build of configuration Debug for project test ****
make pre-build main-build 
a9-linaro-pre-build-step
' '
'Building file: ../src/helloworld.c'
'Invoking: ARM v7 gcc compiler'
arm-none-eabi-gcc -Wall -O0 -g3 -c -fmessage-length=0 -MT"src/helloworld.o" -mcpu=cortex-a9 -mfpu=vfpv3 -mfloat-abi=hard -I../../test_bsp/ps7_cortexa9_0/include -MMD -MP -MF"src/helloworld.d" -MT"src/helloworld.o" -o "src/helloworld.o" "../src/helloworld.c"
../src/helloworld.c: In function 'main':
../src/helloworld.c:72:55: warning: "/*" within comment [-Wcomment]
       *  #define XSPIPS_MASTER_OPTION    0x00000001U  /**< Master mode option
                                                        
../src/helloworld.c:73:57: warning: "/*" within comment [-Wcomment]
   *  #define XSPIPS_CLK_ACTIVE_LOW_OPTION  0x00000002U  /**< Active Low Clock option
                                                          
../src/helloworld.c:74:53: warning: "/*" within comment [-Wcomment]
    #define XSPIPS_CLK_PHASE_1_OPTION   0x00000004U  /**< Clock Phase one option
                                                      
../src/helloworld.c:75:55: warning: "/*" within comment [-Wcomment]
    #define XSPIPS_DECODE_SSELECT_OPTION  0x00000008U  /**< Select 16 slaves Option
                                                        
../src/helloworld.c:76:54: warning: "/*" within comment [-Wcomment]
    #define XSPIPS_FORCE_SSELECT_OPTION   0x00000010U /**< Force Slave Select
                                                       
../src/helloworld.c:77:53: warning: "/*" within comment [-Wcomment]
    #define XSPIPS_MANUAL_START_OPTION   0x00000020U /**< Manual Start mode option
                                                      
'Finished building: ../src/helloworld.c'
' '
'Building target: test.elf'
'Invoking: ARM v7 gcc linker'
arm-none-eabi-gcc -mcpu=cortex-a9 -mfpu=vfpv3 -mfloat-abi=hard -Wl,-build-id=none -specs=Xilinx.spec -Wl,-T -Wl,../src/lscript.ld -L../../test_bsp/ps7_cortexa9_0/lib -o "test.elf"  ./src/helloworld.o ./src/platform.o   -Wl,--start-group,-lxil,-lgcc,-lc,--end-group
'Finished building target: test.elf'
' '
'Invoking: ARM v7 Print Size'
arm-none-eabi-size test.elf  |tee "test.elf.size"
   text	   data	    bss	    dec	    hex	filename
  26648	   1160	  22648	  50456	   c518	test.elf
'Finished building: test.elf.size'
' '
14:55:10 **** Incremental Build of configuration Debug for project test ****
make pre-build main-build 
a9-linaro-pre-build-step
' '
make: Er is niets te doen voor 'main-build'.
14:57:21 **** Auto Build of configuration Debug for project test ****
make pre-build main-build 
a9-linaro-pre-build-step
' '
'Building file: ../src/helloworld.c'
'Invoking: ARM v7 gcc compiler'
arm-none-eabi-gcc -Wall -O0 -g3 -c -fmessage-length=0 -MT"src/helloworld.o" -mcpu=cortex-a9 -mfpu=vfpv3 -mfloat-abi=hard -I../../test_bsp/ps7_cortexa9_0/include -MMD -MP -MF"src/helloworld.d" -MT"src/helloworld.o" -o "src/helloworld.o" "../src/helloworld.c"
../src/helloworld.c: In function 'main':
../src/helloworld.c:72:55: warning: "/*" within comment [-Wcomment]
       *  #define XSPIPS_MASTER_OPTION    0x00000001U  /**< Master mode option
                                                        
../src/helloworld.c:73:57: warning: "/*" within comment [-Wcomment]
   *  #define XSPIPS_CLK_ACTIVE_LOW_OPTION  0x00000002U  /**< Active Low Clock option
                                                          
../src/helloworld.c:74:53: warning: "/*" within comment [-Wcomment]
    #define XSPIPS_CLK_PHASE_1_OPTION   0x00000004U  /**< Clock Phase one option
                                                      
../src/helloworld.c:75:55: warning: "/*" within comment [-Wcomment]
    #define XSPIPS_DECODE_SSELECT_OPTION  0x00000008U  /**< Select 16 slaves Option
                                                        
../src/helloworld.c:76:54: warning: "/*" within comment [-Wcomment]
    #define XSPIPS_FORCE_SSELECT_OPTION   0x00000010U /**< Force Slave Select
                                                       
../src/helloworld.c:77:53: warning: "/*" within comment [-Wcomment]
    #define XSPIPS_MANUAL_START_OPTION   0x00000020U /**< Manual Start mode option
                                                      
'Finished building: ../src/helloworld.c'
' '
'Building target: test.elf'
'Invoking: ARM v7 gcc linker'
arm-none-eabi-gcc -mcpu=cortex-a9 -mfpu=vfpv3 -mfloat-abi=hard -Wl,-build-id=none -specs=Xilinx.spec -Wl,-T -Wl,../src/lscript.ld -L../../test_bsp/ps7_cortexa9_0/lib -o "test.elf"  ./src/helloworld.o ./src/platform.o   -Wl,--start-group,-lxil,-lgcc,-lc,--end-group
'Finished building target: test.elf'
' '
'Invoking: ARM v7 Print Size'
arm-none-eabi-size test.elf  |tee "test.elf.size"
   text	   data	    bss	    dec	    hex	filename
  26648	   1160	  22648	  50456	   c518	test.elf
'Finished building: test.elf.size'
' '
14:57:32 **** Incremental Build of configuration Debug for project test ****
make pre-build main-build 
a9-linaro-pre-build-step
' '
make: Er is niets te doen voor 'main-build'.
15:00:37 **** Auto Build of configuration Debug for project test ****
make pre-build main-build 
a9-linaro-pre-build-step
' '
'Building file: ../src/helloworld.c'
'Invoking: ARM v7 gcc compiler'
arm-none-eabi-gcc -Wall -O0 -g3 -c -fmessage-length=0 -MT"src/helloworld.o" -mcpu=cortex-a9 -mfpu=vfpv3 -mfloat-abi=hard -I../../test_bsp/ps7_cortexa9_0/include -MMD -MP -MF"src/helloworld.d" -MT"src/helloworld.o" -o "src/helloworld.o" "../src/helloworld.c"
../src/helloworld.c: In function 'main':
../src/helloworld.c:72:55: warning: "/*" within comment [-Wcomment]
       *  #define XSPIPS_MASTER_OPTION    0x00000001U  /**< Master mode option
                                                        
../src/helloworld.c:73:57: warning: "/*" within comment [-Wcomment]
   *  #define XSPIPS_CLK_ACTIVE_LOW_OPTION  0x00000002U  /**< Active Low Clock option
                                                          
../src/helloworld.c:74:53: warning: "/*" within comment [-Wcomment]
    #define XSPIPS_CLK_PHASE_1_OPTION   0x00000004U  /**< Clock Phase one option
                                                      
../src/helloworld.c:75:55: warning: "/*" within comment [-Wcomment]
    #define XSPIPS_DECODE_SSELECT_OPTION  0x00000008U  /**< Select 16 slaves Option
                                                        
../src/helloworld.c:76:54: warning: "/*" within comment [-Wcomment]
    #define XSPIPS_FORCE_SSELECT_OPTION   0x00000010U /**< Force Slave Select
                                                       
../src/helloworld.c:77:53: warning: "/*" within comment [-Wcomment]
    #define XSPIPS_MANUAL_START_OPTION   0x00000020U /**< Manual Start mode option
                                                      
'Finished building: ../src/helloworld.c'
' '
'Building target: test.elf'
'Invoking: ARM v7 gcc linker'
arm-none-eabi-gcc -mcpu=cortex-a9 -mfpu=vfpv3 -mfloat-abi=hard -Wl,-build-id=none -specs=Xilinx.spec -Wl,-T -Wl,../src/lscript.ld -L../../test_bsp/ps7_cortexa9_0/lib -o "test.elf"  ./src/helloworld.o ./src/platform.o   -Wl,--start-group,-lxil,-lgcc,-lc,--end-group
'Finished building target: test.elf'
' '
'Invoking: ARM v7 Print Size'
arm-none-eabi-size test.elf  |tee "test.elf.size"
   text	   data	    bss	    dec	    hex	filename
  26968	   1160	  22648	  50776	   c658	test.elf
'Finished building: test.elf.size'
' '
15:00:46 **** Incremental Build of configuration Debug for project test ****
make pre-build main-build 
a9-linaro-pre-build-step
' '
make: Er is niets te doen voor 'main-build'.
15:01:08 **** Incremental Build of configuration Debug for project test ****
make pre-build main-build 
a9-linaro-pre-build-step
' '
make: Er is niets te doen voor 'main-build'.
15:02:04 **** Auto Build of configuration Debug for project test ****
make pre-build main-build 
a9-linaro-pre-build-step
' '
'Building file: ../src/helloworld.c'
'Invoking: ARM v7 gcc compiler'
arm-none-eabi-gcc -Wall -O0 -g3 -c -fmessage-length=0 -MT"src/helloworld.o" -mcpu=cortex-a9 -mfpu=vfpv3 -mfloat-abi=hard -I../../test_bsp/ps7_cortexa9_0/include -MMD -MP -MF"src/helloworld.d" -MT"src/helloworld.o" -o "src/helloworld.o" "../src/helloworld.c"
../src/helloworld.c: In function 'main':
../src/helloworld.c:72:55: warning: "/*" within comment [-Wcomment]
       *  #define XSPIPS_MASTER_OPTION    0x00000001U  /**< Master mode option
                                                        
../src/helloworld.c:73:57: warning: "/*" within comment [-Wcomment]
   *  #define XSPIPS_CLK_ACTIVE_LOW_OPTION  0x00000002U  /**< Active Low Clock option
                                                          
../src/helloworld.c:74:53: warning: "/*" within comment [-Wcomment]
    #define XSPIPS_CLK_PHASE_1_OPTION   0x00000004U  /**< Clock Phase one option
                                                      
../src/helloworld.c:75:55: warning: "/*" within comment [-Wcomment]
    #define XSPIPS_DECODE_SSELECT_OPTION  0x00000008U  /**< Select 16 slaves Option
                                                        
../src/helloworld.c:76:54: warning: "/*" within comment [-Wcomment]
    #define XSPIPS_FORCE_SSELECT_OPTION   0x00000010U /**< Force Slave Select
                                                       
../src/helloworld.c:77:53: warning: "/*" within comment [-Wcomment]
    #define XSPIPS_MANUAL_START_OPTION   0x00000020U /**< Manual Start mode option
                                                      
'Finished building: ../src/helloworld.c'
' '
'Building target: test.elf'
'Invoking: ARM v7 gcc linker'
arm-none-eabi-gcc -mcpu=cortex-a9 -mfpu=vfpv3 -mfloat-abi=hard -Wl,-build-id=none -specs=Xilinx.spec -Wl,-T -Wl,../src/lscript.ld -L../../test_bsp/ps7_cortexa9_0/lib -o "test.elf"  ./src/helloworld.o ./src/platform.o   -Wl,--start-group,-lxil,-lgcc,-lc,--end-group
'Finished building target: test.elf'
' '
'Invoking: ARM v7 Print Size'
arm-none-eabi-size test.elf  |tee "test.elf.size"
   text	   data	    bss	    dec	    hex	filename
  26968	   1160	  22648	  50776	   c658	test.elf
'Finished building: test.elf.size'
' '
15:02:32 **** Incremental Build of configuration Debug for project test ****
make pre-build main-build 
a9-linaro-pre-build-step
' '
make: Er is niets te doen voor 'main-build'.
15:05:10 **** Auto Build of configuration Debug for project test ****
make pre-build main-build 
a9-linaro-pre-build-step
' '
'Building file: ../src/helloworld.c'
'Invoking: ARM v7 gcc compiler'
arm-none-eabi-gcc -Wall -O0 -g3 -c -fmessage-length=0 -MT"src/helloworld.o" -mcpu=cortex-a9 -mfpu=vfpv3 -mfloat-abi=hard -I../../test_bsp/ps7_cortexa9_0/include -MMD -MP -MF"src/helloworld.d" -MT"src/helloworld.o" -o "src/helloworld.o" "../src/helloworld.c"
../src/helloworld.c: In function 'main':
../src/helloworld.c:72:55: warning: "/*" within comment [-Wcomment]
       *  #define XSPIPS_MASTER_OPTION    0x00000001U  /**< Master mode option
                                                        
../src/helloworld.c:73:57: warning: "/*" within comment [-Wcomment]
   *  #define XSPIPS_CLK_ACTIVE_LOW_OPTION  0x00000002U  /**< Active Low Clock option
                                                          
../src/helloworld.c:74:53: warning: "/*" within comment [-Wcomment]
    #define XSPIPS_CLK_PHASE_1_OPTION   0x00000004U  /**< Clock Phase one option
                                                      
../src/helloworld.c:75:55: warning: "/*" within comment [-Wcomment]
    #define XSPIPS_DECODE_SSELECT_OPTION  0x00000008U  /**< Select 16 slaves Option
                                                        
../src/helloworld.c:76:54: warning: "/*" within comment [-Wcomment]
    #define XSPIPS_FORCE_SSELECT_OPTION   0x00000010U /**< Force Slave Select
                                                       
../src/helloworld.c:77:53: warning: "/*" within comment [-Wcomment]
    #define XSPIPS_MANUAL_START_OPTION   0x00000020U /**< Manual Start mode option
                                                      
'Finished building: ../src/helloworld.c'
' '
'Building target: test.elf'
'Invoking: ARM v7 gcc linker'
arm-none-eabi-gcc -mcpu=cortex-a9 -mfpu=vfpv3 -mfloat-abi=hard -Wl,-build-id=none -specs=Xilinx.spec -Wl,-T -Wl,../src/lscript.ld -L../../test_bsp/ps7_cortexa9_0/lib -o "test.elf"  ./src/helloworld.o ./src/platform.o   -Wl,--start-group,-lxil,-lgcc,-lc,--end-group
'Finished building target: test.elf'
' '
'Invoking: ARM v7 Print Size'
arm-none-eabi-size test.elf  |tee "test.elf.size"
   text	   data	    bss	    dec	    hex	filename
  26968	   1160	  22648	  50776	   c658	test.elf
'Finished building: test.elf.size'
' '
15:05:19 **** Incremental Build of configuration Debug for project test ****
make pre-build main-build 
a9-linaro-pre-build-step
' '
make: Er is niets te doen voor 'main-build'.
15:06:48 **** Auto Build of configuration Debug for project test ****
make pre-build main-build 
a9-linaro-pre-build-step
' '
'Building file: ../src/helloworld.c'
'Invoking: ARM v7 gcc compiler'
arm-none-eabi-gcc -Wall -O0 -g3 -c -fmessage-length=0 -MT"src/helloworld.o" -mcpu=cortex-a9 -mfpu=vfpv3 -mfloat-abi=hard -I../../test_bsp/ps7_cortexa9_0/include -MMD -MP -MF"src/helloworld.d" -MT"src/helloworld.o" -o "src/helloworld.o" "../src/helloworld.c"
../src/helloworld.c: In function 'main':
../src/helloworld.c:72:55: warning: "/*" within comment [-Wcomment]
       *  #define XSPIPS_MASTER_OPTION    0x00000001U  /**< Master mode option
                                                        
../src/helloworld.c:73:57: warning: "/*" within comment [-Wcomment]
[...]
'Finished building target: test.elf'
' '
'Invoking: ARM v7 Print Size'
arm-none-eabi-size test.elf  |tee "test.elf.size"
   text	   data	    bss	    dec	    hex	filename
  26968	   1160	  22648	  50776	   c658	test.elf
'Finished building: test.elf.size'
' '
16:20:58 **** Build of configuration Debug for project text ****
make pre-build main-build 
a9-linaro-pre-build-step
' '
'Building file: ../src/helloworld.c'
'Invoking: ARM v7 gcc compiler'
arm-none-eabi-gcc -Wall -O0 -g3 -c -fmessage-length=0 -MT"src/helloworld.o" -mcpu=cortex-a9 -mfpu=vfpv3 -mfloat-abi=hard -I../../test_bsp/ps7_cortexa9_0/include -MMD -MP -MF"src/helloworld.d" -MT"src/helloworld.o" -o "src/helloworld.o" "../src/helloworld.c"
'Finished building: ../src/helloworld.c'
' '
'Building file: ../src/platform.c'
'Invoking: ARM v7 gcc compiler'
arm-none-eabi-gcc -Wall -O0 -g3 -c -fmessage-length=0 -MT"src/platform.o" -mcpu=cortex-a9 -mfpu=vfpv3 -mfloat-abi=hard -I../../test_bsp/ps7_cortexa9_0/include -MMD -MP -MF"src/platform.d" -MT"src/platform.o" -o "src/platform.o" "../src/platform.c"
'Finished building: ../src/platform.c'
' '
'Building target: text.elf'
'Invoking: ARM v7 gcc linker'
arm-none-eabi-gcc -mcpu=cortex-a9 -mfpu=vfpv3 -mfloat-abi=hard -Wl,-build-id=none -specs=Xilinx.spec -Wl,-T -Wl,../src/lscript.ld -L../../test_bsp/ps7_cortexa9_0/lib -o "text.elf"  ./src/helloworld.o ./src/platform.o   -Wl,--start-group,-lxil,-lgcc,-lc,--end-group
'Finished building target: text.elf'
' '
'Invoking: ARM v7 Print Size'
arm-none-eabi-size text.elf  |tee "text.elf.size"
   text	   data	    bss	    dec	    hex	filename
  31976	   1184	  22648	  55808	   da00	text.elf
'Finished building: text.elf.size'
' '
16:21:14 **** Build of configuration Debug for project test4 ****
make pre-build main-build 
a9-linaro-pre-build-step
' '
'Building target: test4.elf'
'Invoking: ARM v7 gcc linker'
arm-none-eabi-gcc -mcpu=cortex-a9 -mfpu=vfpv3 -mfloat-abi=hard -Wl,-build-id=none -specs=Xilinx.spec -Wl,-T -Wl,../src/lscript.ld -L../../test_bsp/ps7_cortexa9_0/lib -o "test4.elf"  ./src/helloworld.o ./src/platform.o   -Wl,--start-group,-lxil,-lgcc,-lc,--end-group
'Finished building target: test4.elf'
' '
'Invoking: ARM v7 Print Size'
arm-none-eabi-size test4.elf  |tee "test4.elf.size"
   text	   data	    bss	    dec	    hex	filename
  26968	   1160	  22648	  50776	   c658	test4.elf
'Finished building: test4.elf.size'
' '
16:21:42 **** Incremental Build of configuration Debug for project test4 ****
make pre-build main-build 
a9-linaro-pre-build-step
' '
make: Er is niets te doen voor 'main-build'.
16:23:34 **** Incremental Build of configuration Debug for project test4 ****
make pre-build main-build 
a9-linaro-pre-build-step
' '
make: Er is niets te doen voor 'main-build'.
16:24:10 **** Incremental Build of configuration Debug for project test4 ****
make pre-build main-build 
a9-linaro-pre-build-step
' '
make: Er is niets te doen voor 'main-build'.
16:26:10 **** Incremental Build of configuration Debug for project text ****
make pre-build main-build 
a9-linaro-pre-build-step
' '
make: Er is niets te doen voor 'main-build'.
16:33:38 **** Auto Build of project test_bsp ****
make -k all 
"Running Make include in ps7_cortexa9_0/libsrc/coresightps_dcc_v1_4/src"
make -C ps7_cortexa9_0/libsrc/coresightps_dcc_v1_4/src -s include  "SHELL=CMD" "COMPILER=arm-none-eabi-gcc" "ARCHIVER=arm-none-eabi-ar" "COMPILER_FLAGS=  -O2 -c" "EXTRA_COMPILER_FLAGS=-mcpu=cortex-a9 -mfpu=vfpv3 -mfloat-abi=hard -nostartfiles -Wall -Wextra -g"
"Running Make include in ps7_cortexa9_0/libsrc/cpu_cortexa9_v2_6/src"
make -C ps7_cortexa9_0/libsrc/cpu_cortexa9_v2_6/src -s include  "SHELL=CMD" "COMPILER=arm-none-eabi-gcc" "ARCHIVER=arm-none-eabi-ar" "COMPILER_FLAGS=  -O2 -c" "EXTRA_COMPILER_FLAGS=-mcpu=cortex-a9 -mfpu=vfpv3 -mfloat-abi=hard -nostartfiles -Wall -Wextra -g"
"Running Make include in ps7_cortexa9_0/libsrc/ddrps_v1_0/src"
make -C ps7_cortexa9_0/libsrc/ddrps_v1_0/src -s include  "SHELL=CMD" "COMPILER=arm-none-eabi-gcc" "ARCHIVER=arm-none-eabi-ar" "COMPILER_FLAGS=  -O2 -c" "EXTRA_COMPILER_FLAGS=-mcpu=cortex-a9 -mfpu=vfpv3 -mfloat-abi=hard -nostartfiles -Wall -Wextra -g"
"Running Make include in ps7_cortexa9_0/libsrc/devcfg_v3_5/src"
make -C ps7_cortexa9_0/libsrc/devcfg_v3_5/src -s include  "SHELL=CMD" "COMPILER=arm-none-eabi-gcc" "ARCHIVER=arm-none-eabi-ar" "COMPILER_FLAGS=  -O2 -c" "EXTRA_COMPILER_FLAGS=-mcpu=cortex-a9 -mfpu=vfpv3 -mfloat-abi=hard -nostartfiles -Wall -Wextra -g"
"Running Make include in ps7_cortexa9_0/libsrc/dmaps_v2_3/src"
make -C ps7_cortexa9_0/libsrc/dmaps_v2_3/src -s include  "SHELL=CMD" "COMPILER=arm-none-eabi-gcc" "ARCHIVER=arm-none-eabi-ar" "COMPILER_FLAGS=  -O2 -c" "EXTRA_COMPILER_FLAGS=-mcpu=cortex-a9 -mfpu=vfpv3 -mfloat-abi=hard -nostartfiles -Wall -Wextra -g"
"Running Make include in ps7_cortexa9_0/libsrc/emacps_v3_7/src"
make -C ps7_cortexa9_0/libsrc/emacps_v3_7/src -s include  "SHELL=CMD" "COMPILER=arm-none-eabi-gcc" "ARCHIVER=arm-none-eabi-ar" "COMPILER_FLAGS=  -O2 -c" "EXTRA_COMPILER_FLAGS=-mcpu=cortex-a9 -mfpu=vfpv3 -mfloat-abi=hard -nostartfiles -Wall -Wextra -g"
"Running Make include in ps7_cortexa9_0/libsrc/gpiops_v3_3/src"
make -C ps7_cortexa9_0/libsrc/gpiops_v3_3/src -s include  "SHELL=CMD" "COMPILER=arm-none-eabi-gcc" "ARCHIVER=arm-none-eabi-ar" "COMPILER_FLAGS=  -O2 -c" "EXTRA_COMPILER_FLAGS=-mcpu=cortex-a9 -mfpu=vfpv3 -mfloat-abi=hard -nostartfiles -Wall -Wextra -g"
"Running Make include in ps7_cortexa9_0/libsrc/qspips_v3_4/src"
make -C ps7_cortexa9_0/libsrc/qspips_v3_4/src -s include  "SHELL=CMD" "COMPILER=arm-none-eabi-gcc" "ARCHIVER=arm-none-eabi-ar" "COMPILER_FLAGS=  -O2 -c" "EXTRA_COMPILER_FLAGS=-mcpu=cortex-a9 -mfpu=vfpv3 -mfloat-abi=hard -nostartfiles -Wall -Wextra -g"
"Running Make include in ps7_cortexa9_0/libsrc/scugic_v3_9/src"
make -C ps7_cortexa9_0/libsrc/scugic_v3_9/src -s include  "SHELL=CMD" "COMPILER=arm-none-eabi-gcc" "ARCHIVER=arm-none-eabi-ar" "COMPILER_FLAGS=  -O2 -c" "EXTRA_COMPILER_FLAGS=-mcpu=cortex-a9 -mfpu=vfpv3 -mfloat-abi=hard -nostartfiles -Wall -Wextra -g"
"Running Make include in ps7_cortexa9_0/libsrc/scutimer_v2_1/src"
make -C ps7_cortexa9_0/libsrc/scutimer_v2_1/src -s include  "SHELL=CMD" "COMPILER=arm-none-eabi-gcc" "ARCHIVER=arm-none-eabi-ar" "COMPILER_FLAGS=  -O2 -c" "EXTRA_COMPILER_FLAGS=-mcpu=cortex-a9 -mfpu=vfpv3 -mfloat-abi=hard -nostartfiles -Wall -Wextra -g"
"Running Make include in ps7_cortexa9_0/libsrc/scuwdt_v2_1/src"
make -C ps7_cortexa9_0/libsrc/scuwdt_v2_1/src -s include  "SHELL=CMD" "COMPILER=arm-none-eabi-gcc" "ARCHIVER=arm-none-eabi-ar" "COMPILER_FLAGS=  -O2 -c" "EXTRA_COMPILER_FLAGS=-mcpu=cortex-a9 -mfpu=vfpv3 -mfloat-abi=hard -nostartfiles -Wall -Wextra -g"
"Running Make include in ps7_cortexa9_0/libsrc/sdps_v3_5/src"
make -C ps7_cortexa9_0/libsrc/sdps_v3_5/src -s include  "SHELL=CMD" "COMPILER=arm-none-eabi-gcc" "ARCHIVER=arm-none-eabi-ar" "COMPILER_FLAGS=  -O2 -c" "EXTRA_COMPILER_FLAGS=-mcpu=cortex-a9 -mfpu=vfpv3 -mfloat-abi=hard -nostartfiles -Wall -Wextra -g"
"Running Make include in ps7_cortexa9_0/libsrc/spips_v3_1/src"
make -C ps7_cortexa9_0/libsrc/spips_v3_1/src -s include  "SHELL=CMD" "COMPILER=arm-none-eabi-gcc" "ARCHIVER=arm-none-eabi-ar" "COMPILER_FLAGS=  -O2 -c" "EXTRA_COMPILER_FLAGS=-mcpu=cortex-a9 -mfpu=vfpv3 -mfloat-abi=hard -nostartfiles -Wall -Wextra -g"
"Running Make include in ps7_cortexa9_0/libsrc/standalone_v6_7/src"
make -C ps7_cortexa9_0/libsrc/standalone_v6_7/src -s include  "SHELL=CMD" "COMPILER=arm-none-eabi-gcc" "ARCHIVER=arm-none-eabi-ar" "COMPILER_FLAGS=  -O2 -c" "EXTRA_COMPILER_FLAGS=-mcpu=cortex-a9 -mfpu=vfpv3 -mfloat-abi=hard -nostartfiles -Wall -Wextra -g"
"Running Make include in ps7_cortexa9_0/libsrc/ttcps_v3_6/src"
make -C ps7_cortexa9_0/libsrc/ttcps_v3_6/src -s include  "SHELL=CMD" "COMPILER=arm-none-eabi-gcc" "ARCHIVER=arm-none-eabi-ar" "COMPILER_FLAGS=  -O2 -c" "EXTRA_COMPILER_FLAGS=-mcpu=cortex-a9 -mfpu=vfpv3 -mfloat-abi=hard -nostartfiles -Wall -Wextra -g"
"Running Make include in ps7_cortexa9_0/libsrc/uartps_v3_6/src"
make -C ps7_cortexa9_0/libsrc/uartps_v3_6/src -s include  "SHELL=CMD" "COMPILER=arm-none-eabi-gcc" "ARCHIVER=arm-none-eabi-ar" "COMPILER_FLAGS=  -O2 -c" "EXTRA_COMPILER_FLAGS=-mcpu=cortex-a9 -mfpu=vfpv3 -mfloat-abi=hard -nostartfiles -Wall -Wextra -g"
"Running Make include in ps7_cortexa9_0/libsrc/usbps_v2_4/src"
make -C ps7_cortexa9_0/libsrc/usbps_v2_4/src -s include  "SHELL=CMD" "COMPILER=arm-none-eabi-gcc" "ARCHIVER=arm-none-eabi-ar" "COMPILER_FLAGS=  -O2 -c" "EXTRA_COMPILER_FLAGS=-mcpu=cortex-a9 -mfpu=vfpv3 -mfloat-abi=hard -nostartfiles -Wall -Wextra -g"
"Running Make include in ps7_cortexa9_0/libsrc/xadcps_v2_2/src"
make -C ps7_cortexa9_0/libsrc/xadcps_v2_2/src -s include  "SHELL=CMD" "COMPILER=arm-none-eabi-gcc" "ARCHIVER=arm-none-eabi-ar" "COMPILER_FLAGS=  -O2 -c" "EXTRA_COMPILER_FLAGS=-mcpu=cortex-a9 -mfpu=vfpv3 -mfloat-abi=hard -nostartfiles -Wall -Wextra -g"
"Running Make libs in ps7_cortexa9_0/libsrc/coresightps_dcc_v1_4/src"
make -C ps7_cortexa9_0/libsrc/coresightps_dcc_v1_4/src -s libs  "SHELL=CMD" "COMPILER=arm-none-eabi-gcc" "ARCHIVER=arm-none-eabi-ar" "COMPILER_FLAGS=  -O2 -c" "EXTRA_COMPILER_FLAGS=-mcpu=cortex-a9 -mfpu=vfpv3 -mfloat-abi=hard -nostartfiles -Wall -Wextra -g"
"Compiling coresightps_dcc"
arm-none-eabi-ar: creating ../../../lib/libxil.a
"Running Make libs in ps7_cortexa9_0/libsrc/cpu_cortexa9_v2_6/src"
make -C ps7_cortexa9_0/libsrc/cpu_cortexa9_v2_6/src -s libs  "SHELL=CMD" "COMPILER=arm-none-eabi-gcc" "ARCHIVER=arm-none-eabi-ar" "COMPILER_FLAGS=  -O2 -c" "EXTRA_COMPILER_FLAGS=-mcpu=cortex-a9 -mfpu=vfpv3 -mfloat-abi=hard -nostartfiles -Wall -Wextra -g"
"Compiling cpu_cortexa9"
"Running Make libs in ps7_cortexa9_0/libsrc/ddrps_v1_0/src"
make -C ps7_cortexa9_0/libsrc/ddrps_v1_0/src -s libs  "SHELL=CMD" "COMPILER=arm-none-eabi-gcc" "ARCHIVER=arm-none-eabi-ar" "COMPILER_FLAGS=  -O2 -c" "EXTRA_COMPILER_FLAGS=-mcpu=cortex-a9 -mfpu=vfpv3 -mfloat-abi=hard -nostartfiles -Wall -Wextra -g"
"Compiling ddrps"
"Running Make libs in ps7_cortexa9_0/libsrc/devcfg_v3_5/src"
make -C ps7_cortexa9_0/libsrc/devcfg_v3_5/src -s libs  "SHELL=CMD" "COMPILER=arm-none-eabi-gcc" "ARCHIVER=arm-none-eabi-ar" "COMPILER_FLAGS=  -O2 -c" "EXTRA_COMPILER_FLAGS=-mcpu=cortex-a9 -mfpu=vfpv3 -mfloat-abi=hard -nostartfiles -Wall -Wextra -g"
"Compiling devcfg"
"Running Make libs in ps7_cortexa9_0/libsrc/dmaps_v2_3/src"
make -C ps7_cortexa9_0/libsrc/dmaps_v2_3/src -s libs  "SHELL=CMD" "COMPILER=arm-none-eabi-gcc" "ARCHIVER=arm-none-eabi-ar" "COMPILER_FLAGS=  -O2 -c" "EXTRA_COMPILER_FLAGS=-mcpu=cortex-a9 -mfpu=vfpv3 -mfloat-abi=hard -nostartfiles -Wall -Wextra -g"
"Compiling dmaps"
"Running Make libs in ps7_cortexa9_0/libsrc/emacps_v3_7/src"
make -C ps7_cortexa9_0/libsrc/emacps_v3_7/src -s libs  "SHELL=CMD" "COMPILER=arm-none-eabi-gcc" "ARCHIVER=arm-none-eabi-ar" "COMPILER_FLAGS=  -O2 -c" "EXTRA_COMPILER_FLAGS=-mcpu=cortex-a9 -mfpu=vfpv3 -mfloat-abi=hard -nostartfiles -Wall -Wextra -g"
"Compiling emacps"
"Running Make libs in ps7_cortexa9_0/libsrc/gpiops_v3_3/src"
make -C ps7_cortexa9_0/libsrc/gpiops_v3_3/src -s libs  "SHELL=CMD" "COMPILER=arm-none-eabi-gcc" "ARCHIVER=arm-none-eabi-ar" "COMPILER_FLAGS=  -O2 -c" "EXTRA_COMPILER_FLAGS=-mcpu=cortex-a9 -mfpu=vfpv3 -mfloat-abi=hard -nostartfiles -Wall -Wextra -g"
"Compiling gpiops"
"Running Make libs in ps7_cortexa9_0/libsrc/qspips_v3_4/src"
make -C ps7_cortexa9_0/libsrc/qspips_v3_4/src -s libs  "SHELL=CMD" "COMPILER=arm-none-eabi-gcc" "ARCHIVER=arm-none-eabi-ar" "COMPILER_FLAGS=  -O2 -c" "EXTRA_COMPILER_FLAGS=-mcpu=cortex-a9 -mfpu=vfpv3 -mfloat-abi=hard -nostartfiles -Wall -Wextra -g"
"Compiling qspips"
"Running Make libs in ps7_cortexa9_0/libsrc/scugic_v3_9/src"
make -C ps7_cortexa9_0/libsrc/scugic_v3_9/src -s libs  "SHELL=CMD" "COMPILER=arm-none-eabi-gcc" "ARCHIVER=arm-none-eabi-ar" "COMPILER_FLAGS=  -O2 -c" "EXTRA_COMPILER_FLAGS=-mcpu=cortex-a9 -mfpu=vfpv3 -mfloat-abi=hard -nostartfiles -Wall -Wextra -g"
"Compiling scugic"
"Running Make libs in ps7_cortexa9_0/libsrc/scutimer_v2_1/src"
make -C ps7_cortexa9_0/libsrc/scutimer_v2_1/src -s libs  "SHELL=CMD" "COMPILER=arm-none-eabi-gcc" "ARCHIVER=arm-none-eabi-ar" "COMPILER_FLAGS=  -O2 -c" "EXTRA_COMPILER_FLAGS=-mcpu=cortex-a9 -mfpu=vfpv3 -mfloat-abi=hard -nostartfiles -Wall -Wextra -g"
"Compiling scutimer"
"Running Make libs in ps7_cortexa9_0/libsrc/scuwdt_v2_1/src"
make -C ps7_cortexa9_0/libsrc/scuwdt_v2_1/src -s libs  "SHELL=CMD" "COMPILER=arm-none-eabi-gcc" "ARCHIVER=arm-none-eabi-ar" "COMPILER_FLAGS=  -O2 -c" "EXTRA_COMPILER_FLAGS=-mcpu=cortex-a9 -mfpu=vfpv3 -mfloat-abi=hard -nostartfiles -Wall -Wextra -g"
"Compiling scuwdt"
"Running Make libs in ps7_cortexa9_0/libsrc/sdps_v3_5/src"
make -C ps7_cortexa9_0/libsrc/sdps_v3_5/src -s libs  "SHELL=CMD" "COMPILER=arm-none-eabi-gcc" "ARCHIVER=arm-none-eabi-ar" "COMPILER_FLAGS=  -O2 -c" "EXTRA_COMPILER_FLAGS=-mcpu=cortex-a9 -mfpu=vfpv3 -mfloat-abi=hard -nostartfiles -Wall -Wextra -g"
"Compiling sdps"
"Running Make libs in ps7_cortexa9_0/libsrc/spips_v3_1/src"
make -C ps7_cortexa9_0/libsrc/spips_v3_1/src -s libs  "SHELL=CMD" "COMPILER=arm-none-eabi-gcc" "ARCHIVER=arm-none-eabi-ar" "COMPILER_FLAGS=  -O2 -c" "EXTRA_COMPILER_FLAGS=-mcpu=cortex-a9 -mfpu=vfpv3 -mfloat-abi=hard -nostartfiles -Wall -Wextra -g"
"Compiling spips"
"Running Make libs in ps7_cortexa9_0/libsrc/standalone_v6_7/src"
make -C ps7_cortexa9_0/libsrc/standalone_v6_7/src -s libs  "SHELL=CMD" "COMPILER=arm-none-eabi-gcc" "ARCHIVER=arm-none-eabi-ar" "COMPILER_FLAGS=  -O2 -c" "EXTRA_COMPILER_FLAGS=-mcpu=cortex-a9 -mfpu=vfpv3 -mfloat-abi=hard -nostartfiles -Wall -Wextra -g"
"Compiling standalone"
In file included from sleep.c:57:0:
xtime_l.h:89:9: note: #pragma message: For the sleep routines, Global timer is being used
 #pragma message ("For the sleep routines, Global timer is being used")
         ^~~~~~~
In file included from usleep.c:60:0:
xtime_l.h:89:9: note: #pragma message: For the sleep routines, Global timer is being used
 #pragma message ("For the sleep routines, Global timer is being used")
         ^~~~~~~
In file included from xil_sleeptimer.c:55:0:
xtime_l.h:89:9: note: #pragma message: For the sleep routines, Global timer is being used
 #pragma message ("For the sleep routines, Global timer is being used")
         ^~~~~~~
In file included from xtime_l.c:53:0:
xtime_l.h:89:9: note: #pragma message: For the sleep routines, Global timer is being used
 #pragma message ("For the sleep routines, Global timer is being used")
         ^~~~~~~
"Running Make libs in ps7_cortexa9_0/libsrc/ttcps_v3_6/src"
make -C ps7_cortexa9_0/libsrc/ttcps_v3_6/src -s libs  "SHELL=CMD" "COMPILER=arm-none-eabi-gcc" "ARCHIVER=arm-none-eabi-ar" "COMPILER_FLAGS=  -O2 -c" "EXTRA_COMPILER_FLAGS=-mcpu=cortex-a9 -mfpu=vfpv3 -mfloat-abi=hard -nostartfiles -Wall -Wextra -g"
"Compiling ttcps"
"Running Make libs in ps7_cortexa9_0/libsrc/uartps_v3_6/src"
make -C ps7_cortexa9_0/libsrc/uartps_v3_6/src -s libs  "SHELL=CMD" "COMPILER=arm-none-eabi-gcc" "ARCHIVER=arm-none-eabi-ar" "COMPILER_FLAGS=  -O2 -c" "EXTRA_COMPILER_FLAGS=-mcpu=cortex-a9 -mfpu=vfpv3 -mfloat-abi=hard -nostartfiles -Wall -Wextra -g"
"Compiling uartps"
"Running Make libs in ps7_cortexa9_0/libsrc/usbps_v2_4/src"
make -C ps7_cortexa9_0/libsrc/usbps_v2_4/src -s libs  "SHELL=CMD" "COMPILER=arm-none-eabi-gcc" "ARCHIVER=arm-none-eabi-ar" "COMPILER_FLAGS=  -O2 -c" "EXTRA_COMPILER_FLAGS=-mcpu=cortex-a9 -mfpu=vfpv3 -mfloat-abi=hard -nostartfiles -Wall -Wextra -g"
"Compiling usbps"
"Running Make libs in ps7_cortexa9_0/libsrc/xadcps_v2_2/src"
make -C ps7_cortexa9_0/libsrc/xadcps_v2_2/src -s libs  "SHELL=CMD" "COMPILER=arm-none-eabi-gcc" "ARCHIVER=arm-none-eabi-ar" "COMPILER_FLAGS=  -O2 -c" "EXTRA_COMPILER_FLAGS=-mcpu=cortex-a9 -mfpu=vfpv3 -mfloat-abi=hard -nostartfiles -Wall -Wextra -g"
"Compiling xadcps"
'Finished building libraries'
16:35:36 **** Auto Build of configuration Debug for project test4 ****
make pre-build main-build 
a9-linaro-pre-build-step
' '
'Building file: ../src/helloworld.c'
'Invoking: ARM v7 gcc compiler'
arm-none-eabi-gcc -Wall -O0 -g3 -c -fmessage-length=0 -MT"src/helloworld.o" -mcpu=cortex-a9 -mfpu=vfpv3 -mfloat-abi=hard -I../../test_bsp/ps7_cortexa9_0/include -MMD -MP -MF"src/helloworld.d" -MT"src/helloworld.o" -o "src/helloworld.o" "../src/helloworld.c"
../src/helloworld.c: In function 'main':
../src/helloworld.c:72:55: warning: "/*" within comment [-Wcomment]
       *  #define XSPIPS_MASTER_OPTION    0x00000001U  /**< Master mode option
                                                        
../src/helloworld.c:73:57: warning: "/*" within comment [-Wcomment]
   *  #define XSPIPS_CLK_ACTIVE_LOW_OPTION  0x00000002U  /**< Active Low Clock option
                                                          
../src/helloworld.c:74:53: warning: "/*" within comment [-Wcomment]
    #define XSPIPS_CLK_PHASE_1_OPTION   0x00000004U  /**< Clock Phase one option
                                                      
../src/helloworld.c:75:55: warning: "/*" within comment [-Wcomment]
    #define XSPIPS_DECODE_SSELECT_OPTION  0x00000008U  /**< Select 16 slaves Option
                                                        
../src/helloworld.c:76:54: warning: "/*" within comment [-Wcomment]
    #define XSPIPS_FORCE_SSELECT_OPTION   0x00000010U /**< Force Slave Select
                                                       
../src/helloworld.c:77:53: warning: "/*" within comment [-Wcomment]
    #define XSPIPS_MANUAL_START_OPTION   0x00000020U /**< Manual Start mode option
                                                      
'Finished building: ../src/helloworld.c'
' '
'Building file: ../src/platform.c'
'Invoking: ARM v7 gcc compiler'
arm-none-eabi-gcc -Wall -O0 -g3 -c -fmessage-length=0 -MT"src/platform.o" -mcpu=cortex-a9 -mfpu=vfpv3 -mfloat-abi=hard -I../../test_bsp/ps7_cortexa9_0/include -MMD -MP -MF"src/platform.d" -MT"src/platform.o" -o "src/platform.o" "../src/platform.c"
'Finished building: ../src/platform.c'
' '
'Building target: test4.elf'
'Invoking: ARM v7 gcc linker'
arm-none-eabi-gcc -mcpu=cortex-a9 -mfpu=vfpv3 -mfloat-abi=hard -Wl,-build-id=none -specs=Xilinx.spec -Wl,-T -Wl,../src/lscript.ld -L../../test_bsp/ps7_cortexa9_0/lib -o "test4.elf"  ./src/helloworld.o ./src/platform.o   -Wl,--start-group,-lxil,-lgcc,-lc,--end-group
'Finished building target: test4.elf'
' '
'Invoking: ARM v7 Print Size'
arm-none-eabi-size test4.elf  |tee "test4.elf.size"
   text	   data	    bss	    dec	    hex	filename
  26968	   1160	  22648	  50776	   c658	test4.elf
'Finished building: test4.elf.size'
' '
16:35:44 **** Auto Build of configuration Debug for project text ****
make pre-build main-build 
a9-linaro-pre-build-step
' '
'Building file: ../src/helloworld.c'
'Invoking: ARM v7 gcc compiler'
arm-none-eabi-gcc -Wall -O0 -g3 -c -fmessage-length=0 -MT"src/helloworld.o" -mcpu=cortex-a9 -mfpu=vfpv3 -mfloat-abi=hard -I../../test_bsp/ps7_cortexa9_0/include -MMD -MP -MF"src/helloworld.d" -MT"src/helloworld.o" -o "src/helloworld.o" "../src/helloworld.c"
'Finished building: ../src/helloworld.c'
' '
'Building file: ../src/platform.c'
'Invoking: ARM v7 gcc compiler'
arm-none-eabi-gcc -Wall -O0 -g3 -c -fmessage-length=0 -MT"src/platform.o" -mcpu=cortex-a9 -mfpu=vfpv3 -mfloat-abi=hard -I../../test_bsp/ps7_cortexa9_0/include -MMD -MP -MF"src/platform.d" -MT"src/platform.o" -o "src/platform.o" "../src/platform.c"
'Finished building: ../src/platform.c'
' '
'Building target: text.elf'
'Invoking: ARM v7 gcc linker'
arm-none-eabi-gcc -mcpu=cortex-a9 -mfpu=vfpv3 -mfloat-abi=hard -Wl,-build-id=none -specs=Xilinx.spec -Wl,-T -Wl,../src/lscript.ld -L../../test_bsp/ps7_cortexa9_0/lib -o "text.elf"  ./src/helloworld.o ./src/platform.o   -Wl,--start-group,-lxil,-lgcc,-lc,--end-group
'Finished building target: text.elf'
' '
'Invoking: ARM v7 Print Size'
arm-none-eabi-size text.elf  |tee "text.elf.size"
   text	   data	    bss	    dec	    hex	filename
  31976	   1184	  22648	  55808	   da00	text.elf
'Finished building: text.elf.size'
' '
